Archive member included to satisfy reference by file (symbol)

C:\Users\henri\Desktop\PROJEK~1\HEXABO~1\BLINK_~1\BLUETO~1\BLUETO~1\ARDUIN~1\Debug\libArduinoCore.a(HardwareSerial.o)
                              BluetoothInterface.o (_ZN14HardwareSerial9availableEv)
C:\Users\henri\Desktop\PROJEK~1\HEXABO~1\BLINK_~1\BLUETO~1\BLUETO~1\ARDUIN~1\Debug\libArduinoCore.a(HardwareSerial0.o)
                              BluetoothInterface.o (Serial)
C:\Users\henri\Desktop\PROJEK~1\HEXABO~1\BLINK_~1\BLUETO~1\BLUETO~1\ARDUIN~1\Debug\libArduinoCore.a(HardwareSerial3.o)
                              BluetoothInterface.o (Serial3)
C:\Users\henri\Desktop\PROJEK~1\HEXABO~1\BLINK_~1\BLUETO~1\BLUETO~1\ARDUIN~1\Debug\libArduinoCore.a(main.o)
                              C:/Program Files (x86)/Atmel/Studio/7.0/Packs/atmel/ATmega_DFP/1.2.150/gcc/dev/atmega2560/avr6/crtatmega2560.o (main)
C:\Users\henri\Desktop\PROJEK~1\HEXABO~1\BLINK_~1\BLUETO~1\BLUETO~1\ARDUIN~1\Debug\libArduinoCore.a(Print.o)
                              C:\Users\henri\Desktop\PROJEK~1\HEXABO~1\BLINK_~1\BLUETO~1\BLUETO~1\ARDUIN~1\Debug\libArduinoCore.a(HardwareSerial.o) (_ZN5Print5writeEPKhj)
C:\Users\henri\Desktop\PROJEK~1\HEXABO~1\BLINK_~1\BLUETO~1\BLUETO~1\ARDUIN~1\Debug\libArduinoCore.a(wiring.o)
                              BluetoothInterface.o (delay)
C:\Users\henri\Desktop\PROJEK~1\HEXABO~1\BLINK_~1\BLUETO~1\BLUETO~1\ARDUIN~1\Debug\libArduinoCore.a(wiring_digital.o)
                              BluetoothInterface.o (pinMode)
C:\Users\henri\Desktop\PROJEK~1\HEXABO~1\BLINK_~1\BLUETO~1\BLUETO~1\ARDUIN~1\Debug\libArduinoCore.a(abi.o)
                              C:\Users\henri\Desktop\PROJEK~1\HEXABO~1\BLINK_~1\BLUETO~1\BLUETO~1\ARDUIN~1\Debug\libArduinoCore.a(Print.o) (__cxa_pure_virtual)
C:\Users\henri\Desktop\PROJEK~1\HEXABO~1\BLINK_~1\BLUETO~1\BLUETO~1\ARDUIN~1\Debug\libArduinoCore.a(hooks.o)
                              C:\Users\henri\Desktop\PROJEK~1\HEXABO~1\BLINK_~1\BLUETO~1\BLUETO~1\ARDUIN~1\Debug\libArduinoCore.a(wiring.o) (yield)
c:/program files (x86)/atmel/studio/7.0/toolchain/avr8/avr8-gnu-toolchain/bin/../lib/gcc/avr/5.4.0/../../../../avr/lib/avr6\libm.a(addsf3.o)
                              C:\Users\henri\Desktop\PROJEK~1\HEXABO~1\BLINK_~1\BLUETO~1\BLUETO~1\ARDUIN~1\Debug\libArduinoCore.a(Print.o) (__subsf3)
c:/program files (x86)/atmel/studio/7.0/toolchain/avr8/avr8-gnu-toolchain/bin/../lib/gcc/avr/5.4.0/../../../../avr/lib/avr6\libm.a(addsf3x.o)
                              c:/program files (x86)/atmel/studio/7.0/toolchain/avr8/avr8-gnu-toolchain/bin/../lib/gcc/avr/5.4.0/../../../../avr/lib/avr6\libm.a(addsf3.o) (__addsf3x)
c:/program files (x86)/atmel/studio/7.0/toolchain/avr8/avr8-gnu-toolchain/bin/../lib/gcc/avr/5.4.0/../../../../avr/lib/avr6\libm.a(cmpsf2.o)
                              C:\Users\henri\Desktop\PROJEK~1\HEXABO~1\BLINK_~1\BLUETO~1\BLUETO~1\ARDUIN~1\Debug\libArduinoCore.a(Print.o) (__ltsf2)
c:/program files (x86)/atmel/studio/7.0/toolchain/avr8/avr8-gnu-toolchain/bin/../lib/gcc/avr/5.4.0/../../../../avr/lib/avr6\libm.a(divsf3.o)
                              C:\Users\henri\Desktop\PROJEK~1\HEXABO~1\BLINK_~1\BLUETO~1\BLUETO~1\ARDUIN~1\Debug\libArduinoCore.a(Print.o) (__divsf3)
c:/program files (x86)/atmel/studio/7.0/toolchain/avr8/avr8-gnu-toolchain/bin/../lib/gcc/avr/5.4.0/../../../../avr/lib/avr6\libm.a(divsf3x.o)
                              c:/program files (x86)/atmel/studio/7.0/toolchain/avr8/avr8-gnu-toolchain/bin/../lib/gcc/avr/5.4.0/../../../../avr/lib/avr6\libm.a(divsf3.o) (__divsf3x)
c:/program files (x86)/atmel/studio/7.0/toolchain/avr8/avr8-gnu-toolchain/bin/../lib/gcc/avr/5.4.0/../../../../avr/lib/avr6\libm.a(fixunssfsi.o)
                              C:\Users\henri\Desktop\PROJEK~1\HEXABO~1\BLINK_~1\BLUETO~1\BLUETO~1\ARDUIN~1\Debug\libArduinoCore.a(Print.o) (__fixunssfsi)
c:/program files (x86)/atmel/studio/7.0/toolchain/avr8/avr8-gnu-toolchain/bin/../lib/gcc/avr/5.4.0/../../../../avr/lib/avr6\libm.a(floatsisf.o)
                              C:\Users\henri\Desktop\PROJEK~1\HEXABO~1\BLINK_~1\BLUETO~1\BLUETO~1\ARDUIN~1\Debug\libArduinoCore.a(Print.o) (__floatunsisf)
c:/program files (x86)/atmel/studio/7.0/toolchain/avr8/avr8-gnu-toolchain/bin/../lib/gcc/avr/5.4.0/../../../../avr/lib/avr6\libm.a(fp_cmp.o)
                              c:/program files (x86)/atmel/studio/7.0/toolchain/avr8/avr8-gnu-toolchain/bin/../lib/gcc/avr/5.4.0/../../../../avr/lib/avr6\libm.a(cmpsf2.o) (__fp_cmp)
c:/program files (x86)/atmel/studio/7.0/toolchain/avr8/avr8-gnu-toolchain/bin/../lib/gcc/avr/5.4.0/../../../../avr/lib/avr6\libm.a(fp_inf.o)
                              c:/program files (x86)/atmel/studio/7.0/toolchain/avr8/avr8-gnu-toolchain/bin/../lib/gcc/avr/5.4.0/../../../../avr/lib/avr6\libm.a(addsf3x.o) (__fp_inf)
c:/program files (x86)/atmel/studio/7.0/toolchain/avr8/avr8-gnu-toolchain/bin/../lib/gcc/avr/5.4.0/../../../../avr/lib/avr6\libm.a(fp_nan.o)
                              c:/program files (x86)/atmel/studio/7.0/toolchain/avr8/avr8-gnu-toolchain/bin/../lib/gcc/avr/5.4.0/../../../../avr/lib/avr6\libm.a(addsf3x.o) (__fp_nan)
c:/program files (x86)/atmel/studio/7.0/toolchain/avr8/avr8-gnu-toolchain/bin/../lib/gcc/avr/5.4.0/../../../../avr/lib/avr6\libm.a(fp_pscA.o)
                              c:/program files (x86)/atmel/studio/7.0/toolchain/avr8/avr8-gnu-toolchain/bin/../lib/gcc/avr/5.4.0/../../../../avr/lib/avr6\libm.a(addsf3x.o) (__fp_pscA)
c:/program files (x86)/atmel/studio/7.0/toolchain/avr8/avr8-gnu-toolchain/bin/../lib/gcc/avr/5.4.0/../../../../avr/lib/avr6\libm.a(fp_pscB.o)
                              c:/program files (x86)/atmel/studio/7.0/toolchain/avr8/avr8-gnu-toolchain/bin/../lib/gcc/avr/5.4.0/../../../../avr/lib/avr6\libm.a(addsf3x.o) (__fp_pscB)
c:/program files (x86)/atmel/studio/7.0/toolchain/avr8/avr8-gnu-toolchain/bin/../lib/gcc/avr/5.4.0/../../../../avr/lib/avr6\libm.a(fp_round.o)
                              c:/program files (x86)/atmel/studio/7.0/toolchain/avr8/avr8-gnu-toolchain/bin/../lib/gcc/avr/5.4.0/../../../../avr/lib/avr6\libm.a(addsf3.o) (__fp_round)
c:/program files (x86)/atmel/studio/7.0/toolchain/avr8/avr8-gnu-toolchain/bin/../lib/gcc/avr/5.4.0/../../../../avr/lib/avr6\libm.a(fp_split3.o)
                              c:/program files (x86)/atmel/studio/7.0/toolchain/avr8/avr8-gnu-toolchain/bin/../lib/gcc/avr/5.4.0/../../../../avr/lib/avr6\libm.a(addsf3x.o) (__fp_split3)
c:/program files (x86)/atmel/studio/7.0/toolchain/avr8/avr8-gnu-toolchain/bin/../lib/gcc/avr/5.4.0/../../../../avr/lib/avr6\libm.a(fp_zero.o)
                              c:/program files (x86)/atmel/studio/7.0/toolchain/avr8/avr8-gnu-toolchain/bin/../lib/gcc/avr/5.4.0/../../../../avr/lib/avr6\libm.a(addsf3x.o) (__fp_zero)
c:/program files (x86)/atmel/studio/7.0/toolchain/avr8/avr8-gnu-toolchain/bin/../lib/gcc/avr/5.4.0/../../../../avr/lib/avr6\libm.a(gesf2.o)
                              C:\Users\henri\Desktop\PROJEK~1\HEXABO~1\BLINK_~1\BLUETO~1\BLUETO~1\ARDUIN~1\Debug\libArduinoCore.a(Print.o) (__gtsf2)
c:/program files (x86)/atmel/studio/7.0/toolchain/avr8/avr8-gnu-toolchain/bin/../lib/gcc/avr/5.4.0/../../../../avr/lib/avr6\libm.a(mulsf3.o)
                              C:\Users\henri\Desktop\PROJEK~1\HEXABO~1\BLINK_~1\BLUETO~1\BLUETO~1\ARDUIN~1\Debug\libArduinoCore.a(Print.o) (__mulsf3)
c:/program files (x86)/atmel/studio/7.0/toolchain/avr8/avr8-gnu-toolchain/bin/../lib/gcc/avr/5.4.0/../../../../avr/lib/avr6\libm.a(mulsf3x.o)
                              c:/program files (x86)/atmel/studio/7.0/toolchain/avr8/avr8-gnu-toolchain/bin/../lib/gcc/avr/5.4.0/../../../../avr/lib/avr6\libm.a(mulsf3.o) (__mulsf3x)
c:/program files (x86)/atmel/studio/7.0/toolchain/avr8/avr8-gnu-toolchain/bin/../lib/gcc/avr/5.4.0/../../../../avr/lib/avr6\libm.a(unordsf2.o)
                              C:\Users\henri\Desktop\PROJEK~1\HEXABO~1\BLINK_~1\BLUETO~1\BLUETO~1\ARDUIN~1\Debug\libArduinoCore.a(Print.o) (__unordsf2)
c:/program files (x86)/atmel/studio/7.0/toolchain/avr8/avr8-gnu-toolchain/bin/../lib/gcc/avr/5.4.0/avr6\libgcc.a(_udivmodsi4.o)
                              C:\Users\henri\Desktop\PROJEK~1\HEXABO~1\BLINK_~1\BLUETO~1\BLUETO~1\ARDUIN~1\Debug\libArduinoCore.a(HardwareSerial.o) (__udivmodsi4)
c:/program files (x86)/atmel/studio/7.0/toolchain/avr8/avr8-gnu-toolchain/bin/../lib/gcc/avr/5.4.0/avr6\libgcc.a(_exit.o)
                              C:/Program Files (x86)/Atmel/Studio/7.0/Packs/atmel/ATmega_DFP/1.2.150/gcc/dev/atmega2560/avr6/crtatmega2560.o (exit)
c:/program files (x86)/atmel/studio/7.0/toolchain/avr8/avr8-gnu-toolchain/bin/../lib/gcc/avr/5.4.0/avr6\libgcc.a(_tablejump2.o)
                              C:\Users\henri\Desktop\PROJEK~1\HEXABO~1\BLINK_~1\BLUETO~1\BLUETO~1\ARDUIN~1\Debug\libArduinoCore.a(wiring_digital.o) (__tablejump2__)
c:/program files (x86)/atmel/studio/7.0/toolchain/avr8/avr8-gnu-toolchain/bin/../lib/gcc/avr/5.4.0/avr6\libgcc.a(_copy_data.o)
                              BluetoothInterface.o (__do_copy_data)
c:/program files (x86)/atmel/studio/7.0/toolchain/avr8/avr8-gnu-toolchain/bin/../lib/gcc/avr/5.4.0/avr6\libgcc.a(_clear_bss.o)
                              C:\Users\henri\Desktop\PROJEK~1\HEXABO~1\BLINK_~1\BLUETO~1\BLUETO~1\ARDUIN~1\Debug\libArduinoCore.a(HardwareSerial0.o) (__do_clear_bss)
c:/program files (x86)/atmel/studio/7.0/toolchain/avr8/avr8-gnu-toolchain/bin/../lib/gcc/avr/5.4.0/avr6\libgcc.a(_ctors.o)
                              C:\Users\henri\Desktop\PROJEK~1\HEXABO~1\BLINK_~1\BLUETO~1\BLUETO~1\ARDUIN~1\Debug\libArduinoCore.a(HardwareSerial0.o) (__do_global_ctors)
c:/program files (x86)/atmel/studio/7.0/toolchain/avr8/avr8-gnu-toolchain/bin/../lib/gcc/avr/5.4.0/../../../../avr/lib/avr6\libc.a(abort.o)
                              C:\Users\henri\Desktop\PROJEK~1\HEXABO~1\BLINK_~1\BLUETO~1\BLUETO~1\ARDUIN~1\Debug\libArduinoCore.a(abi.o) (abort)

Discarded input sections

 .data          0x00000000        0x0 C:/Program Files (x86)/Atmel/Studio/7.0/Packs/atmel/ATmega_DFP/1.2.150/gcc/dev/atmega2560/avr6/crtatmega2560.o
 .bss           0x00000000        0x0 C:/Program Files (x86)/Atmel/Studio/7.0/Packs/atmel/ATmega_DFP/1.2.150/gcc/dev/atmega2560/avr6/crtatmega2560.o
 .text          0x00000000        0x0 BluetoothInterface.o
 .data          0x00000000        0x0 BluetoothInterface.o
 .bss           0x00000000        0x0 BluetoothInterface.o
 .text._ZN18BluetoothInterface8int2charEc
                0x00000000        0x8 BluetoothInterface.o
 .text._ZN18BluetoothInterface9calcAngleEi
                0x00000000       0x10 BluetoothInterface.o
 .text._ZN18BluetoothInterface13getDirectionXEv
                0x00000000        0x8 BluetoothInterface.o
 .text._ZN18BluetoothInterface13getDirectionYEv
                0x00000000        0x8 BluetoothInterface.o
 .text._ZN18BluetoothInterface13getDirectionZEv
                0x00000000        0x8 BluetoothInterface.o
 .text._ZN18BluetoothInterface5helloEv
                0x00000000       0x1a BluetoothInterface.o
 .text._ZN18BluetoothInterface9readInputEv
                0x00000000       0xac BluetoothInterface.o
 .text          0x00000000        0x0 Sketch.o
 .data          0x00000000        0x0 Sketch.o
 .bss           0x00000000        0x0 Sketch.o
 .group         0x00000000        0x8 C:\Users\henri\Desktop\PROJEK~1\HEXABO~1\BLINK_~1\BLUETO~1\BLUETO~1\ARDUIN~1\Debug\libArduinoCore.a(HardwareSerial.o)
 .text          0x00000000        0x0 C:\Users\henri\Desktop\PROJEK~1\HEXABO~1\BLINK_~1\BLUETO~1\BLUETO~1\ARDUIN~1\Debug\libArduinoCore.a(HardwareSerial.o)
 .data          0x00000000        0x0 C:\Users\henri\Desktop\PROJEK~1\HEXABO~1\BLINK_~1\BLUETO~1\BLUETO~1\ARDUIN~1\Debug\libArduinoCore.a(HardwareSerial.o)
 .bss           0x00000000        0x0 C:\Users\henri\Desktop\PROJEK~1\HEXABO~1\BLINK_~1\BLUETO~1\BLUETO~1\ARDUIN~1\Debug\libArduinoCore.a(HardwareSerial.o)
 .text._ZN14HardwareSerial3endEv
                0x00000000       0x44 C:\Users\henri\Desktop\PROJEK~1\HEXABO~1\BLINK_~1\BLUETO~1\BLUETO~1\ARDUIN~1\Debug\libArduinoCore.a(HardwareSerial.o)
 .group         0x00000000        0x8 C:\Users\henri\Desktop\PROJEK~1\HEXABO~1\BLINK_~1\BLUETO~1\BLUETO~1\ARDUIN~1\Debug\libArduinoCore.a(HardwareSerial0.o)
 .group         0x00000000        0x8 C:\Users\henri\Desktop\PROJEK~1\HEXABO~1\BLINK_~1\BLUETO~1\BLUETO~1\ARDUIN~1\Debug\libArduinoCore.a(HardwareSerial0.o)
 .text          0x00000000        0x0 C:\Users\henri\Desktop\PROJEK~1\HEXABO~1\BLINK_~1\BLUETO~1\BLUETO~1\ARDUIN~1\Debug\libArduinoCore.a(HardwareSerial0.o)
 .data          0x00000000        0x0 C:\Users\henri\Desktop\PROJEK~1\HEXABO~1\BLINK_~1\BLUETO~1\BLUETO~1\ARDUIN~1\Debug\libArduinoCore.a(HardwareSerial0.o)
 .bss           0x00000000        0x0 C:\Users\henri\Desktop\PROJEK~1\HEXABO~1\BLINK_~1\BLUETO~1\BLUETO~1\ARDUIN~1\Debug\libArduinoCore.a(HardwareSerial0.o)
 .text._ZN5Print17availableForWriteEv
                0x00000000        0x6 C:\Users\henri\Desktop\PROJEK~1\HEXABO~1\BLINK_~1\BLUETO~1\BLUETO~1\ARDUIN~1\Debug\libArduinoCore.a(HardwareSerial0.o)
 .text._ZN5Print5flushEv
                0x00000000        0x2 C:\Users\henri\Desktop\PROJEK~1\HEXABO~1\BLINK_~1\BLUETO~1\BLUETO~1\ARDUIN~1\Debug\libArduinoCore.a(HardwareSerial0.o)
 .group         0x00000000        0x8 C:\Users\henri\Desktop\PROJEK~1\HEXABO~1\BLINK_~1\BLUETO~1\BLUETO~1\ARDUIN~1\Debug\libArduinoCore.a(HardwareSerial3.o)
 .group         0x00000000        0x8 C:\Users\henri\Desktop\PROJEK~1\HEXABO~1\BLINK_~1\BLUETO~1\BLUETO~1\ARDUIN~1\Debug\libArduinoCore.a(HardwareSerial3.o)
 .text          0x00000000        0x0 C:\Users\henri\Desktop\PROJEK~1\HEXABO~1\BLINK_~1\BLUETO~1\BLUETO~1\ARDUIN~1\Debug\libArduinoCore.a(HardwareSerial3.o)
 .data          0x00000000        0x0 C:\Users\henri\Desktop\PROJEK~1\HEXABO~1\BLINK_~1\BLUETO~1\BLUETO~1\ARDUIN~1\Debug\libArduinoCore.a(HardwareSerial3.o)
 .bss           0x00000000        0x0 C:\Users\henri\Desktop\PROJEK~1\HEXABO~1\BLINK_~1\BLUETO~1\BLUETO~1\ARDUIN~1\Debug\libArduinoCore.a(HardwareSerial3.o)
 .text._ZN5Print17availableForWriteEv
                0x00000000        0x6 C:\Users\henri\Desktop\PROJEK~1\HEXABO~1\BLINK_~1\BLUETO~1\BLUETO~1\ARDUIN~1\Debug\libArduinoCore.a(HardwareSerial3.o)
 .text._ZN5Print5flushEv
                0x00000000        0x2 C:\Users\henri\Desktop\PROJEK~1\HEXABO~1\BLINK_~1\BLUETO~1\BLUETO~1\ARDUIN~1\Debug\libArduinoCore.a(HardwareSerial3.o)
 .text          0x00000000        0x0 C:\Users\henri\Desktop\PROJEK~1\HEXABO~1\BLINK_~1\BLUETO~1\BLUETO~1\ARDUIN~1\Debug\libArduinoCore.a(main.o)
 .data          0x00000000        0x0 C:\Users\henri\Desktop\PROJEK~1\HEXABO~1\BLINK_~1\BLUETO~1\BLUETO~1\ARDUIN~1\Debug\libArduinoCore.a(main.o)
 .bss           0x00000000        0x0 C:\Users\henri\Desktop\PROJEK~1\HEXABO~1\BLINK_~1\BLUETO~1\BLUETO~1\ARDUIN~1\Debug\libArduinoCore.a(main.o)
 .text.atexit   0x00000000        0x6 C:\Users\henri\Desktop\PROJEK~1\HEXABO~1\BLINK_~1\BLUETO~1\BLUETO~1\ARDUIN~1\Debug\libArduinoCore.a(main.o)
 .text._Z8setupUSBv
                0x00000000        0x2 C:\Users\henri\Desktop\PROJEK~1\HEXABO~1\BLINK_~1\BLUETO~1\BLUETO~1\ARDUIN~1\Debug\libArduinoCore.a(main.o)
 .group         0x00000000        0x8 C:\Users\henri\Desktop\PROJEK~1\HEXABO~1\BLINK_~1\BLUETO~1\BLUETO~1\ARDUIN~1\Debug\libArduinoCore.a(Print.o)
 .group         0x00000000        0x8 C:\Users\henri\Desktop\PROJEK~1\HEXABO~1\BLINK_~1\BLUETO~1\BLUETO~1\ARDUIN~1\Debug\libArduinoCore.a(Print.o)
 .group         0x00000000        0x8 C:\Users\henri\Desktop\PROJEK~1\HEXABO~1\BLINK_~1\BLUETO~1\BLUETO~1\ARDUIN~1\Debug\libArduinoCore.a(Print.o)
 .group         0x00000000        0x8 C:\Users\henri\Desktop\PROJEK~1\HEXABO~1\BLINK_~1\BLUETO~1\BLUETO~1\ARDUIN~1\Debug\libArduinoCore.a(Print.o)
 .text          0x00000000        0x0 C:\Users\henri\Desktop\PROJEK~1\HEXABO~1\BLINK_~1\BLUETO~1\BLUETO~1\ARDUIN~1\Debug\libArduinoCore.a(Print.o)
 .data          0x00000000        0x0 C:\Users\henri\Desktop\PROJEK~1\HEXABO~1\BLINK_~1\BLUETO~1\BLUETO~1\ARDUIN~1\Debug\libArduinoCore.a(Print.o)
 .bss           0x00000000        0x0 C:\Users\henri\Desktop\PROJEK~1\HEXABO~1\BLINK_~1\BLUETO~1\BLUETO~1\ARDUIN~1\Debug\libArduinoCore.a(Print.o)
 .text._ZN5Print17availableForWriteEv
                0x00000000        0x6 C:\Users\henri\Desktop\PROJEK~1\HEXABO~1\BLINK_~1\BLUETO~1\BLUETO~1\ARDUIN~1\Debug\libArduinoCore.a(Print.o)
 .text._ZN5Print5flushEv
                0x00000000        0x2 C:\Users\henri\Desktop\PROJEK~1\HEXABO~1\BLINK_~1\BLUETO~1\BLUETO~1\ARDUIN~1\Debug\libArduinoCore.a(Print.o)
 .text._ZN5Print5printEPK19__FlashStringHelper
                0x00000000       0x48 C:\Users\henri\Desktop\PROJEK~1\HEXABO~1\BLINK_~1\BLUETO~1\BLUETO~1\ARDUIN~1\Debug\libArduinoCore.a(Print.o)
 .text._ZN5Print5printERK6String
                0x00000000       0x1c C:\Users\henri\Desktop\PROJEK~1\HEXABO~1\BLINK_~1\BLUETO~1\BLUETO~1\ARDUIN~1\Debug\libArduinoCore.a(Print.o)
 .text._ZN5Print5printEPKc
                0x00000000        0x4 C:\Users\henri\Desktop\PROJEK~1\HEXABO~1\BLINK_~1\BLUETO~1\BLUETO~1\ARDUIN~1\Debug\libArduinoCore.a(Print.o)
 .text._ZN5Print5printERK9Printable
                0x00000000       0x14 C:\Users\henri\Desktop\PROJEK~1\HEXABO~1\BLINK_~1\BLUETO~1\BLUETO~1\ARDUIN~1\Debug\libArduinoCore.a(Print.o)
 .text._ZN5Print7printlnEPK19__FlashStringHelper
                0x00000000       0x24 C:\Users\henri\Desktop\PROJEK~1\HEXABO~1\BLINK_~1\BLUETO~1\BLUETO~1\ARDUIN~1\Debug\libArduinoCore.a(Print.o)
 .text._ZN5Print7printlnERK6String
                0x00000000       0x24 C:\Users\henri\Desktop\PROJEK~1\HEXABO~1\BLINK_~1\BLUETO~1\BLUETO~1\ARDUIN~1\Debug\libArduinoCore.a(Print.o)
 .text._ZN5Print7printlnERK9Printable
                0x00000000       0x24 C:\Users\henri\Desktop\PROJEK~1\HEXABO~1\BLINK_~1\BLUETO~1\BLUETO~1\ARDUIN~1\Debug\libArduinoCore.a(Print.o)
 .text._ZN5Print11printNumberEmh
                0x00000000       0x92 C:\Users\henri\Desktop\PROJEK~1\HEXABO~1\BLINK_~1\BLUETO~1\BLUETO~1\ARDUIN~1\Debug\libArduinoCore.a(Print.o)
 .text._ZN5Print5printEmi
                0x00000000       0x1a C:\Users\henri\Desktop\PROJEK~1\HEXABO~1\BLINK_~1\BLUETO~1\BLUETO~1\ARDUIN~1\Debug\libArduinoCore.a(Print.o)
 .text._ZN5Print5printEhi
                0x00000000        0xe C:\Users\henri\Desktop\PROJEK~1\HEXABO~1\BLINK_~1\BLUETO~1\BLUETO~1\ARDUIN~1\Debug\libArduinoCore.a(Print.o)
 .text._ZN5Print7printlnEhi
                0x00000000       0x24 C:\Users\henri\Desktop\PROJEK~1\HEXABO~1\BLINK_~1\BLUETO~1\BLUETO~1\ARDUIN~1\Debug\libArduinoCore.a(Print.o)
 .text._ZN5Print5printEji
                0x00000000        0xc C:\Users\henri\Desktop\PROJEK~1\HEXABO~1\BLINK_~1\BLUETO~1\BLUETO~1\ARDUIN~1\Debug\libArduinoCore.a(Print.o)
 .text._ZN5Print7printlnEji
                0x00000000       0x24 C:\Users\henri\Desktop\PROJEK~1\HEXABO~1\BLINK_~1\BLUETO~1\BLUETO~1\ARDUIN~1\Debug\libArduinoCore.a(Print.o)
 .text._ZN5Print7printlnEmi
                0x00000000       0x24 C:\Users\henri\Desktop\PROJEK~1\HEXABO~1\BLINK_~1\BLUETO~1\BLUETO~1\ARDUIN~1\Debug\libArduinoCore.a(Print.o)
 .text._ZN5Print5printEli
                0x00000000       0x90 C:\Users\henri\Desktop\PROJEK~1\HEXABO~1\BLINK_~1\BLUETO~1\BLUETO~1\ARDUIN~1\Debug\libArduinoCore.a(Print.o)
 .text._ZN5Print5printEii
                0x00000000        0xe C:\Users\henri\Desktop\PROJEK~1\HEXABO~1\BLINK_~1\BLUETO~1\BLUETO~1\ARDUIN~1\Debug\libArduinoCore.a(Print.o)
 .text._ZN5Print7printlnEii
                0x00000000       0x24 C:\Users\henri\Desktop\PROJEK~1\HEXABO~1\BLINK_~1\BLUETO~1\BLUETO~1\ARDUIN~1\Debug\libArduinoCore.a(Print.o)
 .text._ZN5Print7printlnEli
                0x00000000       0x24 C:\Users\henri\Desktop\PROJEK~1\HEXABO~1\BLINK_~1\BLUETO~1\BLUETO~1\ARDUIN~1\Debug\libArduinoCore.a(Print.o)
 .text._ZN5Print10printFloatEdh
                0x00000000      0x1b6 C:\Users\henri\Desktop\PROJEK~1\HEXABO~1\BLINK_~1\BLUETO~1\BLUETO~1\ARDUIN~1\Debug\libArduinoCore.a(Print.o)
 .text._ZN5Print5printEdi
                0x00000000        0x4 C:\Users\henri\Desktop\PROJEK~1\HEXABO~1\BLINK_~1\BLUETO~1\BLUETO~1\ARDUIN~1\Debug\libArduinoCore.a(Print.o)
 .text._ZN5Print7printlnEdi
                0x00000000       0x24 C:\Users\henri\Desktop\PROJEK~1\HEXABO~1\BLINK_~1\BLUETO~1\BLUETO~1\ARDUIN~1\Debug\libArduinoCore.a(Print.o)
 .rodata._ZTV5Print
                0x00000000        0xc C:\Users\henri\Desktop\PROJEK~1\HEXABO~1\BLINK_~1\BLUETO~1\BLUETO~1\ARDUIN~1\Debug\libArduinoCore.a(Print.o)
 .text          0x00000000        0x0 C:\Users\henri\Desktop\PROJEK~1\HEXABO~1\BLINK_~1\BLUETO~1\BLUETO~1\ARDUIN~1\Debug\libArduinoCore.a(wiring.o)
 .data          0x00000000        0x0 C:\Users\henri\Desktop\PROJEK~1\HEXABO~1\BLINK_~1\BLUETO~1\BLUETO~1\ARDUIN~1\Debug\libArduinoCore.a(wiring.o)
 .bss           0x00000000        0x0 C:\Users\henri\Desktop\PROJEK~1\HEXABO~1\BLINK_~1\BLUETO~1\BLUETO~1\ARDUIN~1\Debug\libArduinoCore.a(wiring.o)
 .text.millis   0x00000000       0x18 C:\Users\henri\Desktop\PROJEK~1\HEXABO~1\BLINK_~1\BLUETO~1\BLUETO~1\ARDUIN~1\Debug\libArduinoCore.a(wiring.o)
 .text.delayMicroseconds
                0x00000000       0x16 C:\Users\henri\Desktop\PROJEK~1\HEXABO~1\BLINK_~1\BLUETO~1\BLUETO~1\ARDUIN~1\Debug\libArduinoCore.a(wiring.o)
 .text          0x00000000        0x0 C:\Users\henri\Desktop\PROJEK~1\HEXABO~1\BLINK_~1\BLUETO~1\BLUETO~1\ARDUIN~1\Debug\libArduinoCore.a(wiring_digital.o)
 .data          0x00000000        0x0 C:\Users\henri\Desktop\PROJEK~1\HEXABO~1\BLINK_~1\BLUETO~1\BLUETO~1\ARDUIN~1\Debug\libArduinoCore.a(wiring_digital.o)
 .bss           0x00000000        0x0 C:\Users\henri\Desktop\PROJEK~1\HEXABO~1\BLINK_~1\BLUETO~1\BLUETO~1\ARDUIN~1\Debug\libArduinoCore.a(wiring_digital.o)
 .text.digitalRead
                0x00000000       0x52 C:\Users\henri\Desktop\PROJEK~1\HEXABO~1\BLINK_~1\BLUETO~1\BLUETO~1\ARDUIN~1\Debug\libArduinoCore.a(wiring_digital.o)
 .progmem.data.port_to_input_PGM
                0x00000000       0x1a C:\Users\henri\Desktop\PROJEK~1\HEXABO~1\BLINK_~1\BLUETO~1\BLUETO~1\ARDUIN~1\Debug\libArduinoCore.a(wiring_digital.o)
 .text          0x00000000        0x0 C:\Users\henri\Desktop\PROJEK~1\HEXABO~1\BLINK_~1\BLUETO~1\BLUETO~1\ARDUIN~1\Debug\libArduinoCore.a(abi.o)
 .data          0x00000000        0x0 C:\Users\henri\Desktop\PROJEK~1\HEXABO~1\BLINK_~1\BLUETO~1\BLUETO~1\ARDUIN~1\Debug\libArduinoCore.a(abi.o)
 .bss           0x00000000        0x0 C:\Users\henri\Desktop\PROJEK~1\HEXABO~1\BLINK_~1\BLUETO~1\BLUETO~1\ARDUIN~1\Debug\libArduinoCore.a(abi.o)
 .text.__cxa_pure_virtual
                0x00000000        0x4 C:\Users\henri\Desktop\PROJEK~1\HEXABO~1\BLINK_~1\BLUETO~1\BLUETO~1\ARDUIN~1\Debug\libArduinoCore.a(abi.o)
 .text.__cxa_deleted_virtual
                0x00000000        0x4 C:\Users\henri\Desktop\PROJEK~1\HEXABO~1\BLINK_~1\BLUETO~1\BLUETO~1\ARDUIN~1\Debug\libArduinoCore.a(abi.o)
 .debug_info    0x00000000       0x76 C:\Users\henri\Desktop\PROJEK~1\HEXABO~1\BLINK_~1\BLUETO~1\BLUETO~1\ARDUIN~1\Debug\libArduinoCore.a(abi.o)
 .debug_abbrev  0x00000000       0x6d C:\Users\henri\Desktop\PROJEK~1\HEXABO~1\BLINK_~1\BLUETO~1\BLUETO~1\ARDUIN~1\Debug\libArduinoCore.a(abi.o)
 .debug_aranges
                0x00000000       0x20 C:\Users\henri\Desktop\PROJEK~1\HEXABO~1\BLINK_~1\BLUETO~1\BLUETO~1\ARDUIN~1\Debug\libArduinoCore.a(abi.o)
 .debug_ranges  0x00000000       0x10 C:\Users\henri\Desktop\PROJEK~1\HEXABO~1\BLINK_~1\BLUETO~1\BLUETO~1\ARDUIN~1\Debug\libArduinoCore.a(abi.o)
 .debug_line    0x00000000       0xa9 C:\Users\henri\Desktop\PROJEK~1\HEXABO~1\BLINK_~1\BLUETO~1\BLUETO~1\ARDUIN~1\Debug\libArduinoCore.a(abi.o)
 .debug_str     0x00000000      0x1e0 C:\Users\henri\Desktop\PROJEK~1\HEXABO~1\BLINK_~1\BLUETO~1\BLUETO~1\ARDUIN~1\Debug\libArduinoCore.a(abi.o)
 .comment       0x00000000       0x31 C:\Users\henri\Desktop\PROJEK~1\HEXABO~1\BLINK_~1\BLUETO~1\BLUETO~1\ARDUIN~1\Debug\libArduinoCore.a(abi.o)
 .debug_frame   0x00000000       0x34 C:\Users\henri\Desktop\PROJEK~1\HEXABO~1\BLINK_~1\BLUETO~1\BLUETO~1\ARDUIN~1\Debug\libArduinoCore.a(abi.o)
 .text          0x00000000        0x0 C:\Users\henri\Desktop\PROJEK~1\HEXABO~1\BLINK_~1\BLUETO~1\BLUETO~1\ARDUIN~1\Debug\libArduinoCore.a(hooks.o)
 .data          0x00000000        0x0 C:\Users\henri\Desktop\PROJEK~1\HEXABO~1\BLINK_~1\BLUETO~1\BLUETO~1\ARDUIN~1\Debug\libArduinoCore.a(hooks.o)
 .bss           0x00000000        0x0 C:\Users\henri\Desktop\PROJEK~1\HEXABO~1\BLINK_~1\BLUETO~1\BLUETO~1\ARDUIN~1\Debug\libArduinoCore.a(hooks.o)
 .text          0x00000000        0x0 c:/program files (x86)/atmel/studio/7.0/toolchain/avr8/avr8-gnu-toolchain/bin/../lib/gcc/avr/5.4.0/../../../../avr/lib/avr6\libm.a(addsf3.o)
 .data          0x00000000        0x0 c:/program files (x86)/atmel/studio/7.0/toolchain/avr8/avr8-gnu-toolchain/bin/../lib/gcc/avr/5.4.0/../../../../avr/lib/avr6\libm.a(addsf3.o)
 .bss           0x00000000        0x0 c:/program files (x86)/atmel/studio/7.0/toolchain/avr8/avr8-gnu-toolchain/bin/../lib/gcc/avr/5.4.0/../../../../avr/lib/avr6\libm.a(addsf3.o)
 .text.avr-libc.fplib
                0x00000000        0xe c:/program files (x86)/atmel/studio/7.0/toolchain/avr8/avr8-gnu-toolchain/bin/../lib/gcc/avr/5.4.0/../../../../avr/lib/avr6\libm.a(addsf3.o)
 .text          0x00000000        0x0 c:/program files (x86)/atmel/studio/7.0/toolchain/avr8/avr8-gnu-toolchain/bin/../lib/gcc/avr/5.4.0/../../../../avr/lib/avr6\libm.a(addsf3x.o)
 .data          0x00000000        0x0 c:/program files (x86)/atmel/studio/7.0/toolchain/avr8/avr8-gnu-toolchain/bin/../lib/gcc/avr/5.4.0/../../../../avr/lib/avr6\libm.a(addsf3x.o)
 .bss           0x00000000        0x0 c:/program files (x86)/atmel/studio/7.0/toolchain/avr8/avr8-gnu-toolchain/bin/../lib/gcc/avr/5.4.0/../../../../avr/lib/avr6\libm.a(addsf3x.o)
 .text.avr-libc.fplib
                0x00000000       0xcc c:/program files (x86)/atmel/studio/7.0/toolchain/avr8/avr8-gnu-toolchain/bin/../lib/gcc/avr/5.4.0/../../../../avr/lib/avr6\libm.a(addsf3x.o)
 .text          0x00000000        0x0 c:/program files (x86)/atmel/studio/7.0/toolchain/avr8/avr8-gnu-toolchain/bin/../lib/gcc/avr/5.4.0/../../../../avr/lib/avr6\libm.a(cmpsf2.o)
 .data          0x00000000        0x0 c:/program files (x86)/atmel/studio/7.0/toolchain/avr8/avr8-gnu-toolchain/bin/../lib/gcc/avr/5.4.0/../../../../avr/lib/avr6\libm.a(cmpsf2.o)
 .bss           0x00000000        0x0 c:/program files (x86)/atmel/studio/7.0/toolchain/avr8/avr8-gnu-toolchain/bin/../lib/gcc/avr/5.4.0/../../../../avr/lib/avr6\libm.a(cmpsf2.o)
 .text.avr-libc.fplib
                0x00000000        0xa c:/program files (x86)/atmel/studio/7.0/toolchain/avr8/avr8-gnu-toolchain/bin/../lib/gcc/avr/5.4.0/../../../../avr/lib/avr6\libm.a(cmpsf2.o)
 .text          0x00000000        0x0 c:/program files (x86)/atmel/studio/7.0/toolchain/avr8/avr8-gnu-toolchain/bin/../lib/gcc/avr/5.4.0/../../../../avr/lib/avr6\libm.a(divsf3.o)
 .data          0x00000000        0x0 c:/program files (x86)/atmel/studio/7.0/toolchain/avr8/avr8-gnu-toolchain/bin/../lib/gcc/avr/5.4.0/../../../../avr/lib/avr6\libm.a(divsf3.o)
 .bss           0x00000000        0x0 c:/program files (x86)/atmel/studio/7.0/toolchain/avr8/avr8-gnu-toolchain/bin/../lib/gcc/avr/5.4.0/../../../../avr/lib/avr6\libm.a(divsf3.o)
 .text.avr-libc.fplib
                0x00000000        0x8 c:/program files (x86)/atmel/studio/7.0/toolchain/avr8/avr8-gnu-toolchain/bin/../lib/gcc/avr/5.4.0/../../../../avr/lib/avr6\libm.a(divsf3.o)
 .text          0x00000000        0x0 c:/program files (x86)/atmel/studio/7.0/toolchain/avr8/avr8-gnu-toolchain/bin/../lib/gcc/avr/5.4.0/../../../../avr/lib/avr6\libm.a(divsf3x.o)
 .data          0x00000000        0x0 c:/program files (x86)/atmel/studio/7.0/toolchain/avr8/avr8-gnu-toolchain/bin/../lib/gcc/avr/5.4.0/../../../../avr/lib/avr6\libm.a(divsf3x.o)
 .bss           0x00000000        0x0 c:/program files (x86)/atmel/studio/7.0/toolchain/avr8/avr8-gnu-toolchain/bin/../lib/gcc/avr/5.4.0/../../../../avr/lib/avr6\libm.a(divsf3x.o)
 .text.avr-libc.fplib
                0x00000000       0xdc c:/program files (x86)/atmel/studio/7.0/toolchain/avr8/avr8-gnu-toolchain/bin/../lib/gcc/avr/5.4.0/../../../../avr/lib/avr6\libm.a(divsf3x.o)
 .text          0x00000000        0x0 c:/program files (x86)/atmel/studio/7.0/toolchain/avr8/avr8-gnu-toolchain/bin/../lib/gcc/avr/5.4.0/../../../../avr/lib/avr6\libm.a(fixunssfsi.o)
 .data          0x00000000        0x0 c:/program files (x86)/atmel/studio/7.0/toolchain/avr8/avr8-gnu-toolchain/bin/../lib/gcc/avr/5.4.0/../../../../avr/lib/avr6\libm.a(fixunssfsi.o)
 .bss           0x00000000        0x0 c:/program files (x86)/atmel/studio/7.0/toolchain/avr8/avr8-gnu-toolchain/bin/../lib/gcc/avr/5.4.0/../../../../avr/lib/avr6\libm.a(fixunssfsi.o)
 .text.avr-libc.fplib
                0x00000000       0x5e c:/program files (x86)/atmel/studio/7.0/toolchain/avr8/avr8-gnu-toolchain/bin/../lib/gcc/avr/5.4.0/../../../../avr/lib/avr6\libm.a(fixunssfsi.o)
 .text          0x00000000        0x0 c:/program files (x86)/atmel/studio/7.0/toolchain/avr8/avr8-gnu-toolchain/bin/../lib/gcc/avr/5.4.0/../../../../avr/lib/avr6\libm.a(floatsisf.o)
 .data          0x00000000        0x0 c:/program files (x86)/atmel/studio/7.0/toolchain/avr8/avr8-gnu-toolchain/bin/../lib/gcc/avr/5.4.0/../../../../avr/lib/avr6\libm.a(floatsisf.o)
 .bss           0x00000000        0x0 c:/program files (x86)/atmel/studio/7.0/toolchain/avr8/avr8-gnu-toolchain/bin/../lib/gcc/avr/5.4.0/../../../../avr/lib/avr6\libm.a(floatsisf.o)
 .text.avr-libc.fplib
                0x00000000       0x7a c:/program files (x86)/atmel/studio/7.0/toolchain/avr8/avr8-gnu-toolchain/bin/../lib/gcc/avr/5.4.0/../../../../avr/lib/avr6\libm.a(floatsisf.o)
 .text          0x00000000        0x0 c:/program files (x86)/atmel/studio/7.0/toolchain/avr8/avr8-gnu-toolchain/bin/../lib/gcc/avr/5.4.0/../../../../avr/lib/avr6\libm.a(fp_cmp.o)
 .data          0x00000000        0x0 c:/program files (x86)/atmel/studio/7.0/toolchain/avr8/avr8-gnu-toolchain/bin/../lib/gcc/avr/5.4.0/../../../../avr/lib/avr6\libm.a(fp_cmp.o)
 .bss           0x00000000        0x0 c:/program files (x86)/atmel/studio/7.0/toolchain/avr8/avr8-gnu-toolchain/bin/../lib/gcc/avr/5.4.0/../../../../avr/lib/avr6\libm.a(fp_cmp.o)
 .text.avr-libc.fplib
                0x00000000       0x48 c:/program files (x86)/atmel/studio/7.0/toolchain/avr8/avr8-gnu-toolchain/bin/../lib/gcc/avr/5.4.0/../../../../avr/lib/avr6\libm.a(fp_cmp.o)
 .text          0x00000000        0x0 c:/program files (x86)/atmel/studio/7.0/toolchain/avr8/avr8-gnu-toolchain/bin/../lib/gcc/avr/5.4.0/../../../../avr/lib/avr6\libm.a(fp_inf.o)
 .data          0x00000000        0x0 c:/program files (x86)/atmel/studio/7.0/toolchain/avr8/avr8-gnu-toolchain/bin/../lib/gcc/avr/5.4.0/../../../../avr/lib/avr6\libm.a(fp_inf.o)
 .bss           0x00000000        0x0 c:/program files (x86)/atmel/studio/7.0/toolchain/avr8/avr8-gnu-toolchain/bin/../lib/gcc/avr/5.4.0/../../../../avr/lib/avr6\libm.a(fp_inf.o)
 .text.avr-libc.fplib
                0x00000000        0xc c:/program files (x86)/atmel/studio/7.0/toolchain/avr8/avr8-gnu-toolchain/bin/../lib/gcc/avr/5.4.0/../../../../avr/lib/avr6\libm.a(fp_inf.o)
 .text          0x00000000        0x0 c:/program files (x86)/atmel/studio/7.0/toolchain/avr8/avr8-gnu-toolchain/bin/../lib/gcc/avr/5.4.0/../../../../avr/lib/avr6\libm.a(fp_nan.o)
 .data          0x00000000        0x0 c:/program files (x86)/atmel/studio/7.0/toolchain/avr8/avr8-gnu-toolchain/bin/../lib/gcc/avr/5.4.0/../../../../avr/lib/avr6\libm.a(fp_nan.o)
 .bss           0x00000000        0x0 c:/program files (x86)/atmel/studio/7.0/toolchain/avr8/avr8-gnu-toolchain/bin/../lib/gcc/avr/5.4.0/../../../../avr/lib/avr6\libm.a(fp_nan.o)
 .text.avr-libc.fplib
                0x00000000        0x6 c:/program files (x86)/atmel/studio/7.0/toolchain/avr8/avr8-gnu-toolchain/bin/../lib/gcc/avr/5.4.0/../../../../avr/lib/avr6\libm.a(fp_nan.o)
 .text          0x00000000        0x0 c:/program files (x86)/atmel/studio/7.0/toolchain/avr8/avr8-gnu-toolchain/bin/../lib/gcc/avr/5.4.0/../../../../avr/lib/avr6\libm.a(fp_pscA.o)
 .data          0x00000000        0x0 c:/program files (x86)/atmel/studio/7.0/toolchain/avr8/avr8-gnu-toolchain/bin/../lib/gcc/avr/5.4.0/../../../../avr/lib/avr6\libm.a(fp_pscA.o)
 .bss           0x00000000        0x0 c:/program files (x86)/atmel/studio/7.0/toolchain/avr8/avr8-gnu-toolchain/bin/../lib/gcc/avr/5.4.0/../../../../avr/lib/avr6\libm.a(fp_pscA.o)
 .text.avr-libc.fplib
                0x00000000        0xe c:/program files (x86)/atmel/studio/7.0/toolchain/avr8/avr8-gnu-toolchain/bin/../lib/gcc/avr/5.4.0/../../../../avr/lib/avr6\libm.a(fp_pscA.o)
 .text          0x00000000        0x0 c:/program files (x86)/atmel/studio/7.0/toolchain/avr8/avr8-gnu-toolchain/bin/../lib/gcc/avr/5.4.0/../../../../avr/lib/avr6\libm.a(fp_pscB.o)
 .data          0x00000000        0x0 c:/program files (x86)/atmel/studio/7.0/toolchain/avr8/avr8-gnu-toolchain/bin/../lib/gcc/avr/5.4.0/../../../../avr/lib/avr6\libm.a(fp_pscB.o)
 .bss           0x00000000        0x0 c:/program files (x86)/atmel/studio/7.0/toolchain/avr8/avr8-gnu-toolchain/bin/../lib/gcc/avr/5.4.0/../../../../avr/lib/avr6\libm.a(fp_pscB.o)
 .text.avr-libc.fplib
                0x00000000        0xe c:/program files (x86)/atmel/studio/7.0/toolchain/avr8/avr8-gnu-toolchain/bin/../lib/gcc/avr/5.4.0/../../../../avr/lib/avr6\libm.a(fp_pscB.o)
 .text          0x00000000        0x0 c:/program files (x86)/atmel/studio/7.0/toolchain/avr8/avr8-gnu-toolchain/bin/../lib/gcc/avr/5.4.0/../../../../avr/lib/avr6\libm.a(fp_round.o)
 .data          0x00000000        0x0 c:/program files (x86)/atmel/studio/7.0/toolchain/avr8/avr8-gnu-toolchain/bin/../lib/gcc/avr/5.4.0/../../../../avr/lib/avr6\libm.a(fp_round.o)
 .bss           0x00000000        0x0 c:/program files (x86)/atmel/studio/7.0/toolchain/avr8/avr8-gnu-toolchain/bin/../lib/gcc/avr/5.4.0/../../../../avr/lib/avr6\libm.a(fp_round.o)
 .text.avr-libc.fplib
                0x00000000       0x22 c:/program files (x86)/atmel/studio/7.0/toolchain/avr8/avr8-gnu-toolchain/bin/../lib/gcc/avr/5.4.0/../../../../avr/lib/avr6\libm.a(fp_round.o)
 .text          0x00000000        0x0 c:/program files (x86)/atmel/studio/7.0/toolchain/avr8/avr8-gnu-toolchain/bin/../lib/gcc/avr/5.4.0/../../../../avr/lib/avr6\libm.a(fp_split3.o)
 .data          0x00000000        0x0 c:/program files (x86)/atmel/studio/7.0/toolchain/avr8/avr8-gnu-toolchain/bin/../lib/gcc/avr/5.4.0/../../../../avr/lib/avr6\libm.a(fp_split3.o)
 .bss           0x00000000        0x0 c:/program files (x86)/atmel/studio/7.0/toolchain/avr8/avr8-gnu-toolchain/bin/../lib/gcc/avr/5.4.0/../../../../avr/lib/avr6\libm.a(fp_split3.o)
 .text.avr-libc.fplib
                0x00000000       0x44 c:/program files (x86)/atmel/studio/7.0/toolchain/avr8/avr8-gnu-toolchain/bin/../lib/gcc/avr/5.4.0/../../../../avr/lib/avr6\libm.a(fp_split3.o)
 .text          0x00000000        0x0 c:/program files (x86)/atmel/studio/7.0/toolchain/avr8/avr8-gnu-toolchain/bin/../lib/gcc/avr/5.4.0/../../../../avr/lib/avr6\libm.a(fp_zero.o)
 .data          0x00000000        0x0 c:/program files (x86)/atmel/studio/7.0/toolchain/avr8/avr8-gnu-toolchain/bin/../lib/gcc/avr/5.4.0/../../../../avr/lib/avr6\libm.a(fp_zero.o)
 .bss           0x00000000        0x0 c:/program files (x86)/atmel/studio/7.0/toolchain/avr8/avr8-gnu-toolchain/bin/../lib/gcc/avr/5.4.0/../../../../avr/lib/avr6\libm.a(fp_zero.o)
 .text.avr-libc.fplib
                0x00000000        0xe c:/program files (x86)/atmel/studio/7.0/toolchain/avr8/avr8-gnu-toolchain/bin/../lib/gcc/avr/5.4.0/../../../../avr/lib/avr6\libm.a(fp_zero.o)
 .text          0x00000000        0x0 c:/program files (x86)/atmel/studio/7.0/toolchain/avr8/avr8-gnu-toolchain/bin/../lib/gcc/avr/5.4.0/../../../../avr/lib/avr6\libm.a(gesf2.o)
 .data          0x00000000        0x0 c:/program files (x86)/atmel/studio/7.0/toolchain/avr8/avr8-gnu-toolchain/bin/../lib/gcc/avr/5.4.0/../../../../avr/lib/avr6\libm.a(gesf2.o)
 .bss           0x00000000        0x0 c:/program files (x86)/atmel/studio/7.0/toolchain/avr8/avr8-gnu-toolchain/bin/../lib/gcc/avr/5.4.0/../../../../avr/lib/avr6\libm.a(gesf2.o)
 .text.avr-libc.fplib
                0x00000000        0xa c:/program files (x86)/atmel/studio/7.0/toolchain/avr8/avr8-gnu-toolchain/bin/../lib/gcc/avr/5.4.0/../../../../avr/lib/avr6\libm.a(gesf2.o)
 .text          0x00000000        0x0 c:/program files (x86)/atmel/studio/7.0/toolchain/avr8/avr8-gnu-toolchain/bin/../lib/gcc/avr/5.4.0/../../../../avr/lib/avr6\libm.a(mulsf3.o)
 .data          0x00000000        0x0 c:/program files (x86)/atmel/studio/7.0/toolchain/avr8/avr8-gnu-toolchain/bin/../lib/gcc/avr/5.4.0/../../../../avr/lib/avr6\libm.a(mulsf3.o)
 .bss           0x00000000        0x0 c:/program files (x86)/atmel/studio/7.0/toolchain/avr8/avr8-gnu-toolchain/bin/../lib/gcc/avr/5.4.0/../../../../avr/lib/avr6\libm.a(mulsf3.o)
 .text.avr-libc.fplib
                0x00000000        0x8 c:/program files (x86)/atmel/studio/7.0/toolchain/avr8/avr8-gnu-toolchain/bin/../lib/gcc/avr/5.4.0/../../../../avr/lib/avr6\libm.a(mulsf3.o)
 .text          0x00000000        0x0 c:/program files (x86)/atmel/studio/7.0/toolchain/avr8/avr8-gnu-toolchain/bin/../lib/gcc/avr/5.4.0/../../../../avr/lib/avr6\libm.a(mulsf3x.o)
 .data          0x00000000        0x0 c:/program files (x86)/atmel/studio/7.0/toolchain/avr8/avr8-gnu-toolchain/bin/../lib/gcc/avr/5.4.0/../../../../avr/lib/avr6\libm.a(mulsf3x.o)
 .bss           0x00000000        0x0 c:/program files (x86)/atmel/studio/7.0/toolchain/avr8/avr8-gnu-toolchain/bin/../lib/gcc/avr/5.4.0/../../../../avr/lib/avr6\libm.a(mulsf3x.o)
 .text.avr-libc.fplib
                0x00000000       0xd2 c:/program files (x86)/atmel/studio/7.0/toolchain/avr8/avr8-gnu-toolchain/bin/../lib/gcc/avr/5.4.0/../../../../avr/lib/avr6\libm.a(mulsf3x.o)
 .text          0x00000000        0x0 c:/program files (x86)/atmel/studio/7.0/toolchain/avr8/avr8-gnu-toolchain/bin/../lib/gcc/avr/5.4.0/../../../../avr/lib/avr6\libm.a(unordsf2.o)
 .data          0x00000000        0x0 c:/program files (x86)/atmel/studio/7.0/toolchain/avr8/avr8-gnu-toolchain/bin/../lib/gcc/avr/5.4.0/../../../../avr/lib/avr6\libm.a(unordsf2.o)
 .bss           0x00000000        0x0 c:/program files (x86)/atmel/studio/7.0/toolchain/avr8/avr8-gnu-toolchain/bin/../lib/gcc/avr/5.4.0/../../../../avr/lib/avr6\libm.a(unordsf2.o)
 .text.avr-libc.fplib
                0x00000000        0xa c:/program files (x86)/atmel/studio/7.0/toolchain/avr8/avr8-gnu-toolchain/bin/../lib/gcc/avr/5.4.0/../../../../avr/lib/avr6\libm.a(unordsf2.o)
 .text          0x00000000        0x0 c:/program files (x86)/atmel/studio/7.0/toolchain/avr8/avr8-gnu-toolchain/bin/../lib/gcc/avr/5.4.0/avr6\libgcc.a(_udivmodsi4.o)
 .data          0x00000000        0x0 c:/program files (x86)/atmel/studio/7.0/toolchain/avr8/avr8-gnu-toolchain/bin/../lib/gcc/avr/5.4.0/avr6\libgcc.a(_udivmodsi4.o)
 .bss           0x00000000        0x0 c:/program files (x86)/atmel/studio/7.0/toolchain/avr8/avr8-gnu-toolchain/bin/../lib/gcc/avr/5.4.0/avr6\libgcc.a(_udivmodsi4.o)
 .text.libgcc.mul
                0x00000000        0x0 c:/program files (x86)/atmel/studio/7.0/toolchain/avr8/avr8-gnu-toolchain/bin/../lib/gcc/avr/5.4.0/avr6\libgcc.a(_udivmodsi4.o)
 .text.libgcc   0x00000000        0x0 c:/program files (x86)/atmel/studio/7.0/toolchain/avr8/avr8-gnu-toolchain/bin/../lib/gcc/avr/5.4.0/avr6\libgcc.a(_udivmodsi4.o)
 .text.libgcc.prologue
                0x00000000        0x0 c:/program files (x86)/atmel/studio/7.0/toolchain/avr8/avr8-gnu-toolchain/bin/../lib/gcc/avr/5.4.0/avr6\libgcc.a(_udivmodsi4.o)
 .text.libgcc.builtins
                0x00000000        0x0 c:/program files (x86)/atmel/studio/7.0/toolchain/avr8/avr8-gnu-toolchain/bin/../lib/gcc/avr/5.4.0/avr6\libgcc.a(_udivmodsi4.o)
 .text.libgcc.fmul
                0x00000000        0x0 c:/program files (x86)/atmel/studio/7.0/toolchain/avr8/avr8-gnu-toolchain/bin/../lib/gcc/avr/5.4.0/avr6\libgcc.a(_udivmodsi4.o)
 .text.libgcc.fixed
                0x00000000        0x0 c:/program files (x86)/atmel/studio/7.0/toolchain/avr8/avr8-gnu-toolchain/bin/../lib/gcc/avr/5.4.0/avr6\libgcc.a(_udivmodsi4.o)
 .text          0x00000000        0x0 c:/program files (x86)/atmel/studio/7.0/toolchain/avr8/avr8-gnu-toolchain/bin/../lib/gcc/avr/5.4.0/avr6\libgcc.a(_exit.o)
 .data          0x00000000        0x0 c:/program files (x86)/atmel/studio/7.0/toolchain/avr8/avr8-gnu-toolchain/bin/../lib/gcc/avr/5.4.0/avr6\libgcc.a(_exit.o)
 .bss           0x00000000        0x0 c:/program files (x86)/atmel/studio/7.0/toolchain/avr8/avr8-gnu-toolchain/bin/../lib/gcc/avr/5.4.0/avr6\libgcc.a(_exit.o)
 .text.libgcc.mul
                0x00000000        0x0 c:/program files (x86)/atmel/studio/7.0/toolchain/avr8/avr8-gnu-toolchain/bin/../lib/gcc/avr/5.4.0/avr6\libgcc.a(_exit.o)
 .text.libgcc.div
                0x00000000        0x0 c:/program files (x86)/atmel/studio/7.0/toolchain/avr8/avr8-gnu-toolchain/bin/../lib/gcc/avr/5.4.0/avr6\libgcc.a(_exit.o)
 .text.libgcc   0x00000000        0x0 c:/program files (x86)/atmel/studio/7.0/toolchain/avr8/avr8-gnu-toolchain/bin/../lib/gcc/avr/5.4.0/avr6\libgcc.a(_exit.o)
 .text.libgcc.prologue
                0x00000000        0x0 c:/program files (x86)/atmel/studio/7.0/toolchain/avr8/avr8-gnu-toolchain/bin/../lib/gcc/avr/5.4.0/avr6\libgcc.a(_exit.o)
 .text.libgcc.builtins
                0x00000000        0x0 c:/program files (x86)/atmel/studio/7.0/toolchain/avr8/avr8-gnu-toolchain/bin/../lib/gcc/avr/5.4.0/avr6\libgcc.a(_exit.o)
 .text.libgcc.fmul
                0x00000000        0x0 c:/program files (x86)/atmel/studio/7.0/toolchain/avr8/avr8-gnu-toolchain/bin/../lib/gcc/avr/5.4.0/avr6\libgcc.a(_exit.o)
 .text.libgcc.fixed
                0x00000000        0x0 c:/program files (x86)/atmel/studio/7.0/toolchain/avr8/avr8-gnu-toolchain/bin/../lib/gcc/avr/5.4.0/avr6\libgcc.a(_exit.o)
 .text          0x00000000        0x0 c:/program files (x86)/atmel/studio/7.0/toolchain/avr8/avr8-gnu-toolchain/bin/../lib/gcc/avr/5.4.0/avr6\libgcc.a(_tablejump2.o)
 .data          0x00000000        0x0 c:/program files (x86)/atmel/studio/7.0/toolchain/avr8/avr8-gnu-toolchain/bin/../lib/gcc/avr/5.4.0/avr6\libgcc.a(_tablejump2.o)
 .bss           0x00000000        0x0 c:/program files (x86)/atmel/studio/7.0/toolchain/avr8/avr8-gnu-toolchain/bin/../lib/gcc/avr/5.4.0/avr6\libgcc.a(_tablejump2.o)
 .text.libgcc.mul
                0x00000000        0x0 c:/program files (x86)/atmel/studio/7.0/toolchain/avr8/avr8-gnu-toolchain/bin/../lib/gcc/avr/5.4.0/avr6\libgcc.a(_tablejump2.o)
 .text.libgcc.div
                0x00000000        0x0 c:/program files (x86)/atmel/studio/7.0/toolchain/avr8/avr8-gnu-toolchain/bin/../lib/gcc/avr/5.4.0/avr6\libgcc.a(_tablejump2.o)
 .text.libgcc.prologue
                0x00000000        0x0 c:/program files (x86)/atmel/studio/7.0/toolchain/avr8/avr8-gnu-toolchain/bin/../lib/gcc/avr/5.4.0/avr6\libgcc.a(_tablejump2.o)
 .text.libgcc.builtins
                0x00000000        0x0 c:/program files (x86)/atmel/studio/7.0/toolchain/avr8/avr8-gnu-toolchain/bin/../lib/gcc/avr/5.4.0/avr6\libgcc.a(_tablejump2.o)
 .text.libgcc.fmul
                0x00000000        0x0 c:/program files (x86)/atmel/studio/7.0/toolchain/avr8/avr8-gnu-toolchain/bin/../lib/gcc/avr/5.4.0/avr6\libgcc.a(_tablejump2.o)
 .text.libgcc.fixed
                0x00000000        0x0 c:/program files (x86)/atmel/studio/7.0/toolchain/avr8/avr8-gnu-toolchain/bin/../lib/gcc/avr/5.4.0/avr6\libgcc.a(_tablejump2.o)
 .text          0x00000000        0x0 c:/program files (x86)/atmel/studio/7.0/toolchain/avr8/avr8-gnu-toolchain/bin/../lib/gcc/avr/5.4.0/avr6\libgcc.a(_copy_data.o)
 .data          0x00000000        0x0 c:/program files (x86)/atmel/studio/7.0/toolchain/avr8/avr8-gnu-toolchain/bin/../lib/gcc/avr/5.4.0/avr6\libgcc.a(_copy_data.o)
 .bss           0x00000000        0x0 c:/program files (x86)/atmel/studio/7.0/toolchain/avr8/avr8-gnu-toolchain/bin/../lib/gcc/avr/5.4.0/avr6\libgcc.a(_copy_data.o)
 .text.libgcc.mul
                0x00000000        0x0 c:/program files (x86)/atmel/studio/7.0/toolchain/avr8/avr8-gnu-toolchain/bin/../lib/gcc/avr/5.4.0/avr6\libgcc.a(_copy_data.o)
 .text.libgcc.div
                0x00000000        0x0 c:/program files (x86)/atmel/studio/7.0/toolchain/avr8/avr8-gnu-toolchain/bin/../lib/gcc/avr/5.4.0/avr6\libgcc.a(_copy_data.o)
 .text.libgcc   0x00000000        0x0 c:/program files (x86)/atmel/studio/7.0/toolchain/avr8/avr8-gnu-toolchain/bin/../lib/gcc/avr/5.4.0/avr6\libgcc.a(_copy_data.o)
 .text.libgcc.prologue
                0x00000000        0x0 c:/program files (x86)/atmel/studio/7.0/toolchain/avr8/avr8-gnu-toolchain/bin/../lib/gcc/avr/5.4.0/avr6\libgcc.a(_copy_data.o)
 .text.libgcc.builtins
                0x00000000        0x0 c:/program files (x86)/atmel/studio/7.0/toolchain/avr8/avr8-gnu-toolchain/bin/../lib/gcc/avr/5.4.0/avr6\libgcc.a(_copy_data.o)
 .text.libgcc.fmul
                0x00000000        0x0 c:/program files (x86)/atmel/studio/7.0/toolchain/avr8/avr8-gnu-toolchain/bin/../lib/gcc/avr/5.4.0/avr6\libgcc.a(_copy_data.o)
 .text.libgcc.fixed
                0x00000000        0x0 c:/program files (x86)/atmel/studio/7.0/toolchain/avr8/avr8-gnu-toolchain/bin/../lib/gcc/avr/5.4.0/avr6\libgcc.a(_copy_data.o)
 .text          0x00000000        0x0 c:/program files (x86)/atmel/studio/7.0/toolchain/avr8/avr8-gnu-toolchain/bin/../lib/gcc/avr/5.4.0/avr6\libgcc.a(_clear_bss.o)
 .data          0x00000000        0x0 c:/program files (x86)/atmel/studio/7.0/toolchain/avr8/avr8-gnu-toolchain/bin/../lib/gcc/avr/5.4.0/avr6\libgcc.a(_clear_bss.o)
 .bss           0x00000000        0x0 c:/program files (x86)/atmel/studio/7.0/toolchain/avr8/avr8-gnu-toolchain/bin/../lib/gcc/avr/5.4.0/avr6\libgcc.a(_clear_bss.o)
 .text.libgcc.mul
                0x00000000        0x0 c:/program files (x86)/atmel/studio/7.0/toolchain/avr8/avr8-gnu-toolchain/bin/../lib/gcc/avr/5.4.0/avr6\libgcc.a(_clear_bss.o)
 .text.libgcc.div
                0x00000000        0x0 c:/program files (x86)/atmel/studio/7.0/toolchain/avr8/avr8-gnu-toolchain/bin/../lib/gcc/avr/5.4.0/avr6\libgcc.a(_clear_bss.o)
 .text.libgcc   0x00000000        0x0 c:/program files (x86)/atmel/studio/7.0/toolchain/avr8/avr8-gnu-toolchain/bin/../lib/gcc/avr/5.4.0/avr6\libgcc.a(_clear_bss.o)
 .text.libgcc.prologue
                0x00000000        0x0 c:/program files (x86)/atmel/studio/7.0/toolchain/avr8/avr8-gnu-toolchain/bin/../lib/gcc/avr/5.4.0/avr6\libgcc.a(_clear_bss.o)
 .text.libgcc.builtins
                0x00000000        0x0 c:/program files (x86)/atmel/studio/7.0/toolchain/avr8/avr8-gnu-toolchain/bin/../lib/gcc/avr/5.4.0/avr6\libgcc.a(_clear_bss.o)
 .text.libgcc.fmul
                0x00000000        0x0 c:/program files (x86)/atmel/studio/7.0/toolchain/avr8/avr8-gnu-toolchain/bin/../lib/gcc/avr/5.4.0/avr6\libgcc.a(_clear_bss.o)
 .text.libgcc.fixed
                0x00000000        0x0 c:/program files (x86)/atmel/studio/7.0/toolchain/avr8/avr8-gnu-toolchain/bin/../lib/gcc/avr/5.4.0/avr6\libgcc.a(_clear_bss.o)
 .text          0x00000000        0x0 c:/program files (x86)/atmel/studio/7.0/toolchain/avr8/avr8-gnu-toolchain/bin/../lib/gcc/avr/5.4.0/avr6\libgcc.a(_ctors.o)
 .data          0x00000000        0x0 c:/program files (x86)/atmel/studio/7.0/toolchain/avr8/avr8-gnu-toolchain/bin/../lib/gcc/avr/5.4.0/avr6\libgcc.a(_ctors.o)
 .bss           0x00000000        0x0 c:/program files (x86)/atmel/studio/7.0/toolchain/avr8/avr8-gnu-toolchain/bin/../lib/gcc/avr/5.4.0/avr6\libgcc.a(_ctors.o)
 .text.libgcc.mul
                0x00000000        0x0 c:/program files (x86)/atmel/studio/7.0/toolchain/avr8/avr8-gnu-toolchain/bin/../lib/gcc/avr/5.4.0/avr6\libgcc.a(_ctors.o)
 .text.libgcc.div
                0x00000000        0x0 c:/program files (x86)/atmel/studio/7.0/toolchain/avr8/avr8-gnu-toolchain/bin/../lib/gcc/avr/5.4.0/avr6\libgcc.a(_ctors.o)
 .text.libgcc   0x00000000        0x0 c:/program files (x86)/atmel/studio/7.0/toolchain/avr8/avr8-gnu-toolchain/bin/../lib/gcc/avr/5.4.0/avr6\libgcc.a(_ctors.o)
 .text.libgcc.prologue
                0x00000000        0x0 c:/program files (x86)/atmel/studio/7.0/toolchain/avr8/avr8-gnu-toolchain/bin/../lib/gcc/avr/5.4.0/avr6\libgcc.a(_ctors.o)
 .text.libgcc.builtins
                0x00000000        0x0 c:/program files (x86)/atmel/studio/7.0/toolchain/avr8/avr8-gnu-toolchain/bin/../lib/gcc/avr/5.4.0/avr6\libgcc.a(_ctors.o)
 .text.libgcc.fmul
                0x00000000        0x0 c:/program files (x86)/atmel/studio/7.0/toolchain/avr8/avr8-gnu-toolchain/bin/../lib/gcc/avr/5.4.0/avr6\libgcc.a(_ctors.o)
 .text.libgcc.fixed
                0x00000000        0x0 c:/program files (x86)/atmel/studio/7.0/toolchain/avr8/avr8-gnu-toolchain/bin/../lib/gcc/avr/5.4.0/avr6\libgcc.a(_ctors.o)
 .text          0x00000000        0x0 c:/program files (x86)/atmel/studio/7.0/toolchain/avr8/avr8-gnu-toolchain/bin/../lib/gcc/avr/5.4.0/../../../../avr/lib/avr6\libc.a(abort.o)
 .data          0x00000000        0x0 c:/program files (x86)/atmel/studio/7.0/toolchain/avr8/avr8-gnu-toolchain/bin/../lib/gcc/avr/5.4.0/../../../../avr/lib/avr6\libc.a(abort.o)
 .bss           0x00000000        0x0 c:/program files (x86)/atmel/studio/7.0/toolchain/avr8/avr8-gnu-toolchain/bin/../lib/gcc/avr/5.4.0/../../../../avr/lib/avr6\libc.a(abort.o)
 .text.avr-libc
                0x00000000        0xa c:/program files (x86)/atmel/studio/7.0/toolchain/avr8/avr8-gnu-toolchain/bin/../lib/gcc/avr/5.4.0/../../../../avr/lib/avr6\libc.a(abort.o)

Memory Configuration

Name             Origin             Length             Attributes
text             0x00000000         0x00100000         xr
data             0x00800200         0x0000fe00         rw !x
eeprom           0x00810000         0x00010000         rw !x
fuse             0x00820000         0x00000003         rw !x
lock             0x00830000         0x00000400         rw !x
signature        0x00840000         0x00000400         rw !x
user_signatures  0x00850000         0x00000400         rw !x
*default*        0x00000000         0xffffffff

Linker script and memory map

Address of section .data set to 0x800200
LOAD C:/Program Files (x86)/Atmel/Studio/7.0/Packs/atmel/ATmega_DFP/1.2.150/gcc/dev/atmega2560/avr6/crtatmega2560.o
LOAD BluetoothInterface.o
LOAD Sketch.o
START GROUP
LOAD c:/program files (x86)/atmel/studio/7.0/toolchain/avr8/avr8-gnu-toolchain/bin/../lib/gcc/avr/5.4.0/../../../../avr/lib/avr6\libm.a
LOAD C:\Users\henri\Desktop\PROJEK~1\HEXABO~1\BLINK_~1\BLUETO~1\BLUETO~1\ARDUIN~1\Debug\libArduinoCore.a
END GROUP
LOAD c:/program files (x86)/atmel/studio/7.0/toolchain/avr8/avr8-gnu-toolchain/bin/../lib/gcc/avr/5.4.0/avr6\libgcc.a
LOAD c:/program files (x86)/atmel/studio/7.0/toolchain/avr8/avr8-gnu-toolchain/bin/../lib/gcc/avr/5.4.0/../../../../avr/lib/avr6\libm.a
START GROUP
LOAD c:/program files (x86)/atmel/studio/7.0/toolchain/avr8/avr8-gnu-toolchain/bin/../lib/gcc/avr/5.4.0/avr6\libgcc.a
LOAD c:/program files (x86)/atmel/studio/7.0/toolchain/avr8/avr8-gnu-toolchain/bin/../lib/gcc/avr/5.4.0/../../../../avr/lib/avr6\libm.a
LOAD c:/program files (x86)/atmel/studio/7.0/toolchain/avr8/avr8-gnu-toolchain/bin/../lib/gcc/avr/5.4.0/../../../../avr/lib/avr6\libc.a
LOAD C:/Program Files (x86)/Atmel/Studio/7.0/Packs/atmel/ATmega_DFP/1.2.150/gcc/dev/atmega2560/avr6\libatmega2560.a
END GROUP
                0x00100000                __TEXT_REGION_LENGTH__ = DEFINED (__TEXT_REGION_LENGTH__)?__TEXT_REGION_LENGTH__:0x100000
                0x0000fe00                __DATA_REGION_LENGTH__ = DEFINED (__DATA_REGION_LENGTH__)?__DATA_REGION_LENGTH__:0xfe00
                0x00010000                __EEPROM_REGION_LENGTH__ = DEFINED (__EEPROM_REGION_LENGTH__)?__EEPROM_REGION_LENGTH__:0x10000
                [0x00000003]                __FUSE_REGION_LENGTH__ = DEFINED (__FUSE_REGION_LENGTH__)?__FUSE_REGION_LENGTH__:0x400
                0x00000400                __LOCK_REGION_LENGTH__ = DEFINED (__LOCK_REGION_LENGTH__)?__LOCK_REGION_LENGTH__:0x400
                0x00000400                __SIGNATURE_REGION_LENGTH__ = DEFINED (__SIGNATURE_REGION_LENGTH__)?__SIGNATURE_REGION_LENGTH__:0x400
                0x00000400                __USER_SIGNATURE_REGION_LENGTH__ = DEFINED (__USER_SIGNATURE_REGION_LENGTH__)?__USER_SIGNATURE_REGION_LENGTH__:0x400

.hash
 *(.hash)

.dynsym
 *(.dynsym)

.dynstr
 *(.dynstr)

.gnu.version
 *(.gnu.version)

.gnu.version_d
 *(.gnu.version_d)

.gnu.version_r
 *(.gnu.version_r)

.rel.init
 *(.rel.init)

.rela.init
 *(.rela.init)

.rel.text
 *(.rel.text)
 *(.rel.text.*)
 *(.rel.gnu.linkonce.t*)

.rela.text
 *(.rela.text)
 *(.rela.text.*)
 *(.rela.gnu.linkonce.t*)

.rel.fini
 *(.rel.fini)

.rela.fini
 *(.rela.fini)

.rel.rodata
 *(.rel.rodata)
 *(.rel.rodata.*)
 *(.rel.gnu.linkonce.r*)

.rela.rodata
 *(.rela.rodata)
 *(.rela.rodata.*)
 *(.rela.gnu.linkonce.r*)

.rel.data
 *(.rel.data)
 *(.rel.data.*)
 *(.rel.gnu.linkonce.d*)

.rela.data
 *(.rela.data)
 *(.rela.data.*)
 *(.rela.gnu.linkonce.d*)

.rel.ctors
 *(.rel.ctors)

.rela.ctors
 *(.rela.ctors)

.rel.dtors
 *(.rel.dtors)

.rela.dtors
 *(.rela.dtors)

.rel.got
 *(.rel.got)

.rela.got
 *(.rela.got)

.rel.bss
 *(.rel.bss)

.rela.bss
 *(.rela.bss)

.rel.plt
 *(.rel.plt)

.rela.plt
 *(.rela.plt)

.text           0x00000000      0xd88
 *(.vectors)
 .vectors       0x00000000       0xe4 C:/Program Files (x86)/Atmel/Studio/7.0/Packs/atmel/ATmega_DFP/1.2.150/gcc/dev/atmega2560/avr6/crtatmega2560.o
                0x00000000                __vector_default
                0x00000000                __vectors
 *(.vectors)
 *(.progmem.gcc*)
 .progmem.gcc_sw_table.turnOffPWM
                0x000000e4       0x24 C:\Users\henri\Desktop\PROJEK~1\HEXABO~1\BLINK_~1\BLUETO~1\BLUETO~1\ARDUIN~1\Debug\libArduinoCore.a(wiring_digital.o)
                0x00000108                . = ALIGN (0x2)
                0x00000108                __trampolines_start = .
 *(.trampolines)
 .trampolines   0x00000108        0x0 linker stubs
 *(.trampolines*)
                0x00000108                __trampolines_end = .
 *libprintf_flt.a:*(.progmem.data)
 *libc.a:*(.progmem.data)
 *(.progmem*)
 .progmem.data.digital_pin_to_timer_PGM
                0x00000108       0x46 C:\Users\henri\Desktop\PROJEK~1\HEXABO~1\BLINK_~1\BLUETO~1\BLUETO~1\ARDUIN~1\Debug\libArduinoCore.a(wiring_digital.o)
                0x00000108                digital_pin_to_timer_PGM
 .progmem.data.digital_pin_to_bit_mask_PGM
                0x0000014e       0x46 C:\Users\henri\Desktop\PROJEK~1\HEXABO~1\BLINK_~1\BLUETO~1\BLUETO~1\ARDUIN~1\Debug\libArduinoCore.a(wiring_digital.o)
                0x0000014e                digital_pin_to_bit_mask_PGM
 .progmem.data.digital_pin_to_port_PGM
                0x00000194       0x46 C:\Users\henri\Desktop\PROJEK~1\HEXABO~1\BLINK_~1\BLUETO~1\BLUETO~1\ARDUIN~1\Debug\libArduinoCore.a(wiring_digital.o)
                0x00000194                digital_pin_to_port_PGM
 .progmem.data.port_to_output_PGM
                0x000001da       0x1a C:\Users\henri\Desktop\PROJEK~1\HEXABO~1\BLINK_~1\BLUETO~1\BLUETO~1\ARDUIN~1\Debug\libArduinoCore.a(wiring_digital.o)
                0x000001da                port_to_output_PGM
 .progmem.data.port_to_mode_PGM
                0x000001f4       0x1a C:\Users\henri\Desktop\PROJEK~1\HEXABO~1\BLINK_~1\BLUETO~1\BLUETO~1\ARDUIN~1\Debug\libArduinoCore.a(wiring_digital.o)
                0x000001f4                port_to_mode_PGM
                0x0000020e                . = ALIGN (0x2)
 *(.jumptables)
 *(.jumptables*)
 *(.lowtext)
 *(.lowtext*)
                0x0000020e                __ctors_start = .
 *(.ctors)
 .ctors         0x0000020e        0x2 C:\Users\henri\Desktop\PROJEK~1\HEXABO~1\BLINK_~1\BLUETO~1\BLUETO~1\ARDUIN~1\Debug\libArduinoCore.a(HardwareSerial0.o)
 .ctors         0x00000210        0x2 C:\Users\henri\Desktop\PROJEK~1\HEXABO~1\BLINK_~1\BLUETO~1\BLUETO~1\ARDUIN~1\Debug\libArduinoCore.a(HardwareSerial3.o)
                0x00000212                __ctors_end = .
                0x00000212                __dtors_start = .
 *(.dtors)
                0x00000212                __dtors_end = .
 SORT(*)(.ctors)
 SORT(*)(.dtors)
 *(.init0)
 .init0         0x00000212        0x0 C:/Program Files (x86)/Atmel/Studio/7.0/Packs/atmel/ATmega_DFP/1.2.150/gcc/dev/atmega2560/avr6/crtatmega2560.o
                0x00000212                __init
 *(.init0)
 *(.init1)
 *(.init1)
 *(.init2)
 .init2         0x00000212       0x10 C:/Program Files (x86)/Atmel/Studio/7.0/Packs/atmel/ATmega_DFP/1.2.150/gcc/dev/atmega2560/avr6/crtatmega2560.o
 *(.init2)
 *(.init3)
 *(.init3)
 *(.init4)
 .init4         0x00000222       0x1a c:/program files (x86)/atmel/studio/7.0/toolchain/avr8/avr8-gnu-toolchain/bin/../lib/gcc/avr/5.4.0/avr6\libgcc.a(_copy_data.o)
                0x00000222                __do_copy_data
 .init4         0x0000023c       0x10 c:/program files (x86)/atmel/studio/7.0/toolchain/avr8/avr8-gnu-toolchain/bin/../lib/gcc/avr/5.4.0/avr6\libgcc.a(_clear_bss.o)
                0x0000023c                __do_clear_bss
 *(.init4)
 *(.init5)
 *(.init5)
 *(.init6)
 .init6         0x0000024c       0x1e c:/program files (x86)/atmel/studio/7.0/toolchain/avr8/avr8-gnu-toolchain/bin/../lib/gcc/avr/5.4.0/avr6\libgcc.a(_ctors.o)
                0x0000024c                __do_global_ctors
 *(.init6)
 *(.init7)
 *(.init7)
 *(.init8)
 *(.init8)
 *(.init9)
 .init9         0x0000026a        0x4 C:/Program Files (x86)/Atmel/Studio/7.0/Packs/atmel/ATmega_DFP/1.2.150/gcc/dev/atmega2560/avr6/crtatmega2560.o
 *(.init9)
 *(.text)
 .text          0x0000026e        0x2 C:/Program Files (x86)/Atmel/Studio/7.0/Packs/atmel/ATmega_DFP/1.2.150/gcc/dev/atmega2560/avr6/crtatmega2560.o
                0x0000026e                __vector_38
                0x0000026e                __vector_22
                0x0000026e                __vector_28
                0x0000026e                __vector_1
                0x0000026e                __vector_32
                0x0000026e                __vector_34
                0x0000026e                __vector_24
                0x0000026e                __vector_12
                0x0000026e                __vector_46
                0x0000026e                __bad_interrupt
                0x0000026e                __vector_6
                0x0000026e                __vector_31
                0x0000026e                __vector_35
                0x0000026e                __vector_39
                0x0000026e                __vector_3
                0x0000026e                __vector_30
                0x0000026e                __vector_45
                0x0000026e                __vector_11
                0x0000026e                __vector_13
                0x0000026e                __vector_17
                0x0000026e                __vector_19
                0x0000026e                __vector_56
                0x0000026e                __vector_7
                0x0000026e                __vector_49
                0x0000026e                __vector_41
                0x0000026e                __vector_43
                0x0000026e                __vector_27
                0x0000026e                __vector_5
                0x0000026e                __vector_33
                0x0000026e                __vector_47
                0x0000026e                __vector_52
                0x0000026e                __vector_37
                0x0000026e                __vector_4
                0x0000026e                __vector_44
                0x0000026e                __vector_51
                0x0000026e                __vector_9
                0x0000026e                __vector_2
                0x0000026e                __vector_21
                0x0000026e                __vector_15
                0x0000026e                __vector_36
                0x0000026e                __vector_29
                0x0000026e                __vector_40
                0x0000026e                __vector_8
                0x0000026e                __vector_48
                0x0000026e                __vector_14
                0x0000026e                __vector_53
                0x0000026e                __vector_10
                0x0000026e                __vector_50
                0x0000026e                __vector_16
                0x0000026e                __vector_18
                0x0000026e                __vector_20
                0x0000026e                __vector_42
                0x00000270                . = ALIGN (0x2)
 *(.text.*)
 .text._ZN18BluetoothInterfaceC2Ev
                0x00000270       0x1c BluetoothInterface.o
                0x00000270                _ZN18BluetoothInterfaceC1Ev
                0x00000270                _ZN18BluetoothInterfaceC2Ev
 .text._ZN18BluetoothInterfaceD2Ev
                0x0000028c        0x2 BluetoothInterface.o
                0x0000028c                _ZN18BluetoothInterfaceD2Ev
                0x0000028c                _ZN18BluetoothInterfaceD1Ev
 .text._ZN18BluetoothInterface8sendDataEv
                0x0000028e       0x72 BluetoothInterface.o
                0x0000028e                _ZN18BluetoothInterface8sendDataEv
 .text.setup    0x00000300       0x58 Sketch.o
                0x00000300                setup
 .text.loop     0x00000358       0x42 Sketch.o
                0x00000358                loop
 .text._ZN14HardwareSerial9availableEv
                0x0000039a       0x18 C:\Users\henri\Desktop\PROJEK~1\HEXABO~1\BLINK_~1\BLUETO~1\BLUETO~1\ARDUIN~1\Debug\libArduinoCore.a(HardwareSerial.o)
                0x0000039a                _ZN14HardwareSerial9availableEv
 .text._ZN14HardwareSerial4peekEv
                0x000003b2       0x1c C:\Users\henri\Desktop\PROJEK~1\HEXABO~1\BLINK_~1\BLUETO~1\BLUETO~1\ARDUIN~1\Debug\libArduinoCore.a(HardwareSerial.o)
                0x000003b2                _ZN14HardwareSerial4peekEv
 .text._ZN14HardwareSerial4readEv
                0x000003ce       0x28 C:\Users\henri\Desktop\PROJEK~1\HEXABO~1\BLINK_~1\BLUETO~1\BLUETO~1\ARDUIN~1\Debug\libArduinoCore.a(HardwareSerial.o)
                0x000003ce                _ZN14HardwareSerial4readEv
 .text._ZN14HardwareSerial17availableForWriteEv
                0x000003f6       0x1e C:\Users\henri\Desktop\PROJEK~1\HEXABO~1\BLINK_~1\BLUETO~1\BLUETO~1\ARDUIN~1\Debug\libArduinoCore.a(HardwareSerial.o)
                0x000003f6                _ZN14HardwareSerial17availableForWriteEv
 .text._Z14serialEventRunv
                0x00000414       0x76 C:\Users\henri\Desktop\PROJEK~1\HEXABO~1\BLINK_~1\BLUETO~1\BLUETO~1\ARDUIN~1\Debug\libArduinoCore.a(HardwareSerial.o)
                0x00000414                _Z14serialEventRunv
 .text._ZN14HardwareSerial17_tx_udr_empty_irqEv
                0x0000048a       0x42 C:\Users\henri\Desktop\PROJEK~1\HEXABO~1\BLINK_~1\BLUETO~1\BLUETO~1\ARDUIN~1\Debug\libArduinoCore.a(HardwareSerial.o)
                0x0000048a                _ZN14HardwareSerial17_tx_udr_empty_irqEv
 .text._ZN14HardwareSerial5writeEh
                0x000004cc       0x8c C:\Users\henri\Desktop\PROJEK~1\HEXABO~1\BLINK_~1\BLUETO~1\BLUETO~1\ARDUIN~1\Debug\libArduinoCore.a(HardwareSerial.o)
                0x000004cc                _ZN14HardwareSerial5writeEh
 .text._ZN14HardwareSerial5flushEv
                0x00000558       0x42 C:\Users\henri\Desktop\PROJEK~1\HEXABO~1\BLINK_~1\BLUETO~1\BLUETO~1\ARDUIN~1\Debug\libArduinoCore.a(HardwareSerial.o)
                0x00000558                _ZN14HardwareSerial5flushEv
 .text._ZN14HardwareSerial5beginEmh
                0x0000059a       0xc6 C:\Users\henri\Desktop\PROJEK~1\HEXABO~1\BLINK_~1\BLUETO~1\BLUETO~1\ARDUIN~1\Debug\libArduinoCore.a(HardwareSerial.o)
                0x0000059a                _ZN14HardwareSerial5beginEmh
 .text.__vector_25
                0x00000660       0x6c C:\Users\henri\Desktop\PROJEK~1\HEXABO~1\BLINK_~1\BLUETO~1\BLUETO~1\ARDUIN~1\Debug\libArduinoCore.a(HardwareSerial0.o)
                0x00000660                __vector_25
 .text.__vector_26
                0x000006cc       0x52 C:\Users\henri\Desktop\PROJEK~1\HEXABO~1\BLINK_~1\BLUETO~1\BLUETO~1\ARDUIN~1\Debug\libArduinoCore.a(HardwareSerial0.o)
                0x000006cc                __vector_26
 .text._Z17Serial0_availablev
                0x0000071e       0x12 C:\Users\henri\Desktop\PROJEK~1\HEXABO~1\BLINK_~1\BLUETO~1\BLUETO~1\ARDUIN~1\Debug\libArduinoCore.a(HardwareSerial0.o)
                0x0000071e                _Z17Serial0_availablev
 .text.startup._GLOBAL__sub_I___vector_25
                0x00000730       0x5a C:\Users\henri\Desktop\PROJEK~1\HEXABO~1\BLINK_~1\BLUETO~1\BLUETO~1\ARDUIN~1\Debug\libArduinoCore.a(HardwareSerial0.o)
 .text.__vector_54
                0x0000078a       0x6c C:\Users\henri\Desktop\PROJEK~1\HEXABO~1\BLINK_~1\BLUETO~1\BLUETO~1\ARDUIN~1\Debug\libArduinoCore.a(HardwareSerial3.o)
                0x0000078a                __vector_54
 .text.__vector_55
                0x000007f6       0x52 C:\Users\henri\Desktop\PROJEK~1\HEXABO~1\BLINK_~1\BLUETO~1\BLUETO~1\ARDUIN~1\Debug\libArduinoCore.a(HardwareSerial3.o)
                0x000007f6                __vector_55
 .text._Z17Serial3_availablev
                0x00000848       0x12 C:\Users\henri\Desktop\PROJEK~1\HEXABO~1\BLINK_~1\BLUETO~1\BLUETO~1\ARDUIN~1\Debug\libArduinoCore.a(HardwareSerial3.o)
                0x00000848                _Z17Serial3_availablev
 .text.startup._GLOBAL__sub_I___vector_54
                0x0000085a       0x5a C:\Users\henri\Desktop\PROJEK~1\HEXABO~1\BLINK_~1\BLUETO~1\BLUETO~1\ARDUIN~1\Debug\libArduinoCore.a(HardwareSerial3.o)
 .text.initVariant
                0x000008b4        0x2 C:\Users\henri\Desktop\PROJEK~1\HEXABO~1\BLINK_~1\BLUETO~1\BLUETO~1\ARDUIN~1\Debug\libArduinoCore.a(main.o)
                0x000008b4                initVariant
 .text.startup.main
                0x000008b6       0x14 C:\Users\henri\Desktop\PROJEK~1\HEXABO~1\BLINK_~1\BLUETO~1\BLUETO~1\ARDUIN~1\Debug\libArduinoCore.a(main.o)
                0x000008b6                main
 .text._ZN5Print5writeEPKhj
                0x000008ca       0x54 C:\Users\henri\Desktop\PROJEK~1\HEXABO~1\BLINK_~1\BLUETO~1\BLUETO~1\ARDUIN~1\Debug\libArduinoCore.a(Print.o)
                0x000008ca                _ZN5Print5writeEPKhj
 .text._ZN5Print5writeEPKc
                0x0000091e       0x2a C:\Users\henri\Desktop\PROJEK~1\HEXABO~1\BLINK_~1\BLUETO~1\BLUETO~1\ARDUIN~1\Debug\libArduinoCore.a(Print.o)
                0x0000091e                _ZN5Print5writeEPKc
 .text._ZN5Print5printEc
                0x00000948        0xe C:\Users\henri\Desktop\PROJEK~1\HEXABO~1\BLINK_~1\BLUETO~1\BLUETO~1\ARDUIN~1\Debug\libArduinoCore.a(Print.o)
                0x00000948                _ZN5Print5printEc
 .text._ZN5Print7printlnEv
                0x00000956        0x6 C:\Users\henri\Desktop\PROJEK~1\HEXABO~1\BLINK_~1\BLUETO~1\BLUETO~1\ARDUIN~1\Debug\libArduinoCore.a(Print.o)
                0x00000956                _ZN5Print7printlnEv
 .text._ZN5Print7printlnEPKc
                0x0000095c       0x20 C:\Users\henri\Desktop\PROJEK~1\HEXABO~1\BLINK_~1\BLUETO~1\BLUETO~1\ARDUIN~1\Debug\libArduinoCore.a(Print.o)
                0x0000095c                _ZN5Print7printlnEPKc
 .text._ZN5Print7printlnEc
                0x0000097c       0x20 C:\Users\henri\Desktop\PROJEK~1\HEXABO~1\BLINK_~1\BLUETO~1\BLUETO~1\ARDUIN~1\Debug\libArduinoCore.a(Print.o)
                0x0000097c                _ZN5Print7printlnEc
 .text.__vector_23
                0x0000099c       0x94 C:\Users\henri\Desktop\PROJEK~1\HEXABO~1\BLINK_~1\BLUETO~1\BLUETO~1\ARDUIN~1\Debug\libArduinoCore.a(wiring.o)
                0x0000099c                __vector_23
 .text.micros   0x00000a30       0x4a C:\Users\henri\Desktop\PROJEK~1\HEXABO~1\BLINK_~1\BLUETO~1\BLUETO~1\ARDUIN~1\Debug\libArduinoCore.a(wiring.o)
                0x00000a30                micros
 .text.delay    0x00000a7a       0x72 C:\Users\henri\Desktop\PROJEK~1\HEXABO~1\BLINK_~1\BLUETO~1\BLUETO~1\ARDUIN~1\Debug\libArduinoCore.a(wiring.o)
                0x00000a7a                delay
 .text.init     0x00000aec       0xc4 C:\Users\henri\Desktop\PROJEK~1\HEXABO~1\BLINK_~1\BLUETO~1\BLUETO~1\ARDUIN~1\Debug\libArduinoCore.a(wiring.o)
                0x00000aec                init
 .text.turnOffPWM
                0x00000bb0       0xaa C:\Users\henri\Desktop\PROJEK~1\HEXABO~1\BLINK_~1\BLUETO~1\BLUETO~1\ARDUIN~1\Debug\libArduinoCore.a(wiring_digital.o)
 .text.pinMode  0x00000c5a       0x78 C:\Users\henri\Desktop\PROJEK~1\HEXABO~1\BLINK_~1\BLUETO~1\BLUETO~1\ARDUIN~1\Debug\libArduinoCore.a(wiring_digital.o)
                0x00000c5a                pinMode
 .text.digitalWrite
                0x00000cd2       0x5c C:\Users\henri\Desktop\PROJEK~1\HEXABO~1\BLINK_~1\BLUETO~1\BLUETO~1\ARDUIN~1\Debug\libArduinoCore.a(wiring_digital.o)
                0x00000cd2                digitalWrite
 .text.__empty  0x00000d2e        0x2 C:\Users\henri\Desktop\PROJEK~1\HEXABO~1\BLINK_~1\BLUETO~1\BLUETO~1\ARDUIN~1\Debug\libArduinoCore.a(hooks.o)
                0x00000d2e                yield
 .text.libgcc.div
                0x00000d30       0x44 c:/program files (x86)/atmel/studio/7.0/toolchain/avr8/avr8-gnu-toolchain/bin/../lib/gcc/avr/5.4.0/avr6\libgcc.a(_udivmodsi4.o)
                0x00000d30                __udivmodsi4
 .text.libgcc   0x00000d74       0x10 c:/program files (x86)/atmel/studio/7.0/toolchain/avr8/avr8-gnu-toolchain/bin/../lib/gcc/avr/5.4.0/avr6\libgcc.a(_tablejump2.o)
                0x00000d74                __tablejump2__
                0x00000d84                . = ALIGN (0x2)
 *(.fini9)
 .fini9         0x00000d84        0x0 c:/program files (x86)/atmel/studio/7.0/toolchain/avr8/avr8-gnu-toolchain/bin/../lib/gcc/avr/5.4.0/avr6\libgcc.a(_exit.o)
                0x00000d84                _exit
                0x00000d84                exit
 *(.fini9)
 *(.fini8)
 *(.fini8)
 *(.fini7)
 *(.fini7)
 *(.fini6)
 *(.fini6)
 *(.fini5)
 *(.fini5)
 *(.fini4)
 *(.fini4)
 *(.fini3)
 *(.fini3)
 *(.fini2)
 *(.fini2)
 *(.fini1)
 *(.fini1)
 *(.fini0)
 .fini0         0x00000d84        0x4 c:/program files (x86)/atmel/studio/7.0/toolchain/avr8/avr8-gnu-toolchain/bin/../lib/gcc/avr/5.4.0/avr6\libgcc.a(_exit.o)
 *(.fini0)
                0x00000d88                _etext = .

.data           0x00800200      0x110 load address 0x00000d88
                0x00800200                PROVIDE (__data_start, .)
 *(.data)
 *(.data*)
 *(.gnu.linkonce.d*)
 *(.rodata)
 *(.rodata*)
 .rodata.str1.1
                0x00800200       0x5d BluetoothInterface.o
 .rodata.str1.1
                0x0080025d       0x92 Sketch.o
 .rodata._ZTV14HardwareSerial
                0x008002ef       0x12 C:\Users\henri\Desktop\PROJEK~1\HEXABO~1\BLINK_~1\BLUETO~1\BLUETO~1\ARDUIN~1\Debug\libArduinoCore.a(HardwareSerial.o)
                0x008002ef                _ZTV14HardwareSerial
 .rodata.str1.1
                0x00800301        0xf C:\Users\henri\Desktop\PROJEK~1\HEXABO~1\BLINK_~1\BLUETO~1\BLUETO~1\ARDUIN~1\Debug\libArduinoCore.a(Print.o)
 *(.gnu.linkonce.r*)
                0x00800310                . = ALIGN (0x2)
                0x00800310                _edata = .
                0x00800310                PROVIDE (__data_end, .)

.bss            0x00800310      0x143
                0x00800310                PROVIDE (__bss_start, .)
 *(.bss)
 *(.bss*)
 .bss.Serial    0x00800310       0x9d C:\Users\henri\Desktop\PROJEK~1\HEXABO~1\BLINK_~1\BLUETO~1\BLUETO~1\ARDUIN~1\Debug\libArduinoCore.a(HardwareSerial0.o)
                0x00800310                Serial
 .bss.Serial3   0x008003ad       0x9d C:\Users\henri\Desktop\PROJEK~1\HEXABO~1\BLINK_~1\BLUETO~1\BLUETO~1\ARDUIN~1\Debug\libArduinoCore.a(HardwareSerial3.o)
                0x008003ad                Serial3
 .bss.timer0_fract
                0x0080044a        0x1 C:\Users\henri\Desktop\PROJEK~1\HEXABO~1\BLINK_~1\BLUETO~1\BLUETO~1\ARDUIN~1\Debug\libArduinoCore.a(wiring.o)
 .bss.timer0_millis
                0x0080044b        0x4 C:\Users\henri\Desktop\PROJEK~1\HEXABO~1\BLINK_~1\BLUETO~1\BLUETO~1\ARDUIN~1\Debug\libArduinoCore.a(wiring.o)
                0x0080044b                timer0_millis
 .bss.timer0_overflow_count
                0x0080044f        0x4 C:\Users\henri\Desktop\PROJEK~1\HEXABO~1\BLINK_~1\BLUETO~1\BLUETO~1\ARDUIN~1\Debug\libArduinoCore.a(wiring.o)
                0x0080044f                timer0_overflow_count
 *(COMMON)
                0x00800453                PROVIDE (__bss_end, .)
                0x00000d88                __data_load_start = LOADADDR (.data)
                0x00000e98                __data_load_end = (__data_load_start + SIZEOF (.data))

.noinit         0x00800453        0x0
                [!provide]                PROVIDE (__noinit_start, .)
 *(.noinit*)
                [!provide]                PROVIDE (__noinit_end, .)
                0x00800453                _end = .
                [!provide]                PROVIDE (__heap_start, .)

.eeprom         0x00810000        0x0
 *(.eeprom*)
                0x00810000                __eeprom_end = .

.fuse
 *(.fuse)
 *(.lfuse)
 *(.hfuse)
 *(.efuse)

.lock
 *(.lock*)

.signature
 *(.signature*)

.user_signatures
 *(.user_signatures*)

.stab
 *(.stab)

.stabstr
 *(.stabstr)

.stab.excl
 *(.stab.excl)

.stab.exclstr
 *(.stab.exclstr)

.stab.index
 *(.stab.index)

.stab.indexstr
 *(.stab.indexstr)

.comment        0x00000000       0x30
 *(.comment)
 .comment       0x00000000       0x30 BluetoothInterface.o
                                 0x31 (size before relaxing)
 .comment       0x00000030       0x31 Sketch.o
 .comment       0x00000030       0x31 C:\Users\henri\Desktop\PROJEK~1\HEXABO~1\BLINK_~1\BLUETO~1\BLUETO~1\ARDUIN~1\Debug\libArduinoCore.a(HardwareSerial.o)
 .comment       0x00000030       0x31 C:\Users\henri\Desktop\PROJEK~1\HEXABO~1\BLINK_~1\BLUETO~1\BLUETO~1\ARDUIN~1\Debug\libArduinoCore.a(HardwareSerial0.o)
 .comment       0x00000030       0x31 C:\Users\henri\Desktop\PROJEK~1\HEXABO~1\BLINK_~1\BLUETO~1\BLUETO~1\ARDUIN~1\Debug\libArduinoCore.a(HardwareSerial3.o)
 .comment       0x00000030       0x31 C:\Users\henri\Desktop\PROJEK~1\HEXABO~1\BLINK_~1\BLUETO~1\BLUETO~1\ARDUIN~1\Debug\libArduinoCore.a(main.o)
 .comment       0x00000030       0x31 C:\Users\henri\Desktop\PROJEK~1\HEXABO~1\BLINK_~1\BLUETO~1\BLUETO~1\ARDUIN~1\Debug\libArduinoCore.a(Print.o)
 .comment       0x00000030       0x31 C:\Users\henri\Desktop\PROJEK~1\HEXABO~1\BLINK_~1\BLUETO~1\BLUETO~1\ARDUIN~1\Debug\libArduinoCore.a(wiring.o)
 .comment       0x00000030       0x31 C:\Users\henri\Desktop\PROJEK~1\HEXABO~1\BLINK_~1\BLUETO~1\BLUETO~1\ARDUIN~1\Debug\libArduinoCore.a(wiring_digital.o)
 .comment       0x00000030       0x31 C:\Users\henri\Desktop\PROJEK~1\HEXABO~1\BLINK_~1\BLUETO~1\BLUETO~1\ARDUIN~1\Debug\libArduinoCore.a(hooks.o)

.note.gnu.avr.deviceinfo
                0x00000000       0x40
 .note.gnu.avr.deviceinfo
                0x00000000       0x40 C:/Program Files (x86)/Atmel/Studio/7.0/Packs/atmel/ATmega_DFP/1.2.150/gcc/dev/atmega2560/avr6/crtatmega2560.o

.note.gnu.build-id
 *(.note.gnu.build-id)

.debug
 *(.debug)

.line
 *(.line)

.debug_srcinfo
 *(.debug_srcinfo)

.debug_sfnames
 *(.debug_sfnames)

.debug_aranges  0x00000000      0x358
 *(.debug_aranges)
 .debug_aranges
                0x00000000       0x68 BluetoothInterface.o
 .debug_aranges
                0x00000068       0x28 Sketch.o
 .debug_aranges
                0x00000090       0x68 C:\Users\henri\Desktop\PROJEK~1\HEXABO~1\BLINK_~1\BLUETO~1\BLUETO~1\ARDUIN~1\Debug\libArduinoCore.a(HardwareSerial.o)
 .debug_aranges
                0x000000f8       0x48 C:\Users\henri\Desktop\PROJEK~1\HEXABO~1\BLINK_~1\BLUETO~1\BLUETO~1\ARDUIN~1\Debug\libArduinoCore.a(HardwareSerial0.o)
 .debug_aranges
                0x00000140       0x48 C:\Users\henri\Desktop\PROJEK~1\HEXABO~1\BLINK_~1\BLUETO~1\BLUETO~1\ARDUIN~1\Debug\libArduinoCore.a(HardwareSerial3.o)
 .debug_aranges
                0x00000188       0x30 C:\Users\henri\Desktop\PROJEK~1\HEXABO~1\BLINK_~1\BLUETO~1\BLUETO~1\ARDUIN~1\Debug\libArduinoCore.a(main.o)
 .debug_aranges
                0x000001b8      0x100 C:\Users\henri\Desktop\PROJEK~1\HEXABO~1\BLINK_~1\BLUETO~1\BLUETO~1\ARDUIN~1\Debug\libArduinoCore.a(Print.o)
 .debug_aranges
                0x000002b8       0x48 C:\Users\henri\Desktop\PROJEK~1\HEXABO~1\BLINK_~1\BLUETO~1\BLUETO~1\ARDUIN~1\Debug\libArduinoCore.a(wiring.o)
 .debug_aranges
                0x00000300       0x38 C:\Users\henri\Desktop\PROJEK~1\HEXABO~1\BLINK_~1\BLUETO~1\BLUETO~1\ARDUIN~1\Debug\libArduinoCore.a(wiring_digital.o)
 .debug_aranges
                0x00000338       0x20 C:\Users\henri\Desktop\PROJEK~1\HEXABO~1\BLINK_~1\BLUETO~1\BLUETO~1\ARDUIN~1\Debug\libArduinoCore.a(hooks.o)

.debug_pubnames
 *(.debug_pubnames)

.debug_info     0x00000000     0xa713
 *(.debug_info .gnu.linkonce.wi.*)
 .debug_info    0x00000000      0xbbc C:/Program Files (x86)/Atmel/Studio/7.0/Packs/atmel/ATmega_DFP/1.2.150/gcc/dev/atmega2560/avr6/crtatmega2560.o
 .debug_info    0x00000bbc      0x932 BluetoothInterface.o
 .debug_info    0x000014ee      0x621 Sketch.o
 .debug_info    0x00001b0f     0x1f83 C:\Users\henri\Desktop\PROJEK~1\HEXABO~1\BLINK_~1\BLUETO~1\BLUETO~1\ARDUIN~1\Debug\libArduinoCore.a(HardwareSerial.o)
 .debug_info    0x00003a92     0x1b74 C:\Users\henri\Desktop\PROJEK~1\HEXABO~1\BLINK_~1\BLUETO~1\BLUETO~1\ARDUIN~1\Debug\libArduinoCore.a(HardwareSerial0.o)
 .debug_info    0x00005606     0x1b7a C:\Users\henri\Desktop\PROJEK~1\HEXABO~1\BLINK_~1\BLUETO~1\BLUETO~1\ARDUIN~1\Debug\libArduinoCore.a(HardwareSerial3.o)
 .debug_info    0x00007180      0x295 C:\Users\henri\Desktop\PROJEK~1\HEXABO~1\BLINK_~1\BLUETO~1\BLUETO~1\ARDUIN~1\Debug\libArduinoCore.a(main.o)
 .debug_info    0x00007415     0x295d C:\Users\henri\Desktop\PROJEK~1\HEXABO~1\BLINK_~1\BLUETO~1\BLUETO~1\ARDUIN~1\Debug\libArduinoCore.a(Print.o)
 .debug_info    0x00009d72      0x329 C:\Users\henri\Desktop\PROJEK~1\HEXABO~1\BLINK_~1\BLUETO~1\BLUETO~1\ARDUIN~1\Debug\libArduinoCore.a(wiring.o)
 .debug_info    0x0000a09b      0x63a C:\Users\henri\Desktop\PROJEK~1\HEXABO~1\BLINK_~1\BLUETO~1\BLUETO~1\ARDUIN~1\Debug\libArduinoCore.a(wiring_digital.o)
 .debug_info    0x0000a6d5       0x3e C:\Users\henri\Desktop\PROJEK~1\HEXABO~1\BLINK_~1\BLUETO~1\BLUETO~1\ARDUIN~1\Debug\libArduinoCore.a(hooks.o)

.debug_abbrev   0x00000000     0x2401
 *(.debug_abbrev)
 .debug_abbrev  0x00000000      0xb1a C:/Program Files (x86)/Atmel/Studio/7.0/Packs/atmel/ATmega_DFP/1.2.150/gcc/dev/atmega2560/avr6/crtatmega2560.o
 .debug_abbrev  0x00000b1a      0x295 BluetoothInterface.o
 .debug_abbrev  0x00000daf      0x213 Sketch.o
 .debug_abbrev  0x00000fc2      0x432 C:\Users\henri\Desktop\PROJEK~1\HEXABO~1\BLINK_~1\BLUETO~1\BLUETO~1\ARDUIN~1\Debug\libArduinoCore.a(HardwareSerial.o)
 .debug_abbrev  0x000013f4      0x3ce C:\Users\henri\Desktop\PROJEK~1\HEXABO~1\BLINK_~1\BLUETO~1\BLUETO~1\ARDUIN~1\Debug\libArduinoCore.a(HardwareSerial0.o)
 .debug_abbrev  0x000017c2      0x3ce C:\Users\henri\Desktop\PROJEK~1\HEXABO~1\BLINK_~1\BLUETO~1\BLUETO~1\ARDUIN~1\Debug\libArduinoCore.a(HardwareSerial3.o)
 .debug_abbrev  0x00001b90      0x12d C:\Users\henri\Desktop\PROJEK~1\HEXABO~1\BLINK_~1\BLUETO~1\BLUETO~1\ARDUIN~1\Debug\libArduinoCore.a(main.o)
 .debug_abbrev  0x00001cbd      0x47a C:\Users\henri\Desktop\PROJEK~1\HEXABO~1\BLINK_~1\BLUETO~1\BLUETO~1\ARDUIN~1\Debug\libArduinoCore.a(Print.o)
 .debug_abbrev  0x00002137      0x146 C:\Users\henri\Desktop\PROJEK~1\HEXABO~1\BLINK_~1\BLUETO~1\BLUETO~1\ARDUIN~1\Debug\libArduinoCore.a(wiring.o)
 .debug_abbrev  0x0000227d      0x15a C:\Users\henri\Desktop\PROJEK~1\HEXABO~1\BLINK_~1\BLUETO~1\BLUETO~1\ARDUIN~1\Debug\libArduinoCore.a(wiring_digital.o)
 .debug_abbrev  0x000023d7       0x2a C:\Users\henri\Desktop\PROJEK~1\HEXABO~1\BLINK_~1\BLUETO~1\BLUETO~1\ARDUIN~1\Debug\libArduinoCore.a(hooks.o)

.debug_line     0x00000000     0x1e93
 *(.debug_line .debug_line.* .debug_line_end)
 .debug_line    0x00000000      0x1f9 C:/Program Files (x86)/Atmel/Studio/7.0/Packs/atmel/ATmega_DFP/1.2.150/gcc/dev/atmega2560/avr6/crtatmega2560.o
 .debug_line    0x000001f9      0x379 BluetoothInterface.o
 .debug_line    0x00000572      0x218 Sketch.o
 .debug_line    0x0000078a      0x489 C:\Users\henri\Desktop\PROJEK~1\HEXABO~1\BLINK_~1\BLUETO~1\BLUETO~1\ARDUIN~1\Debug\libArduinoCore.a(HardwareSerial.o)
 .debug_line    0x00000c13      0x288 C:\Users\henri\Desktop\PROJEK~1\HEXABO~1\BLINK_~1\BLUETO~1\BLUETO~1\ARDUIN~1\Debug\libArduinoCore.a(HardwareSerial0.o)
 .debug_line    0x00000e9b      0x286 C:\Users\henri\Desktop\PROJEK~1\HEXABO~1\BLINK_~1\BLUETO~1\BLUETO~1\ARDUIN~1\Debug\libArduinoCore.a(HardwareSerial3.o)
 .debug_line    0x00001121      0x161 C:\Users\henri\Desktop\PROJEK~1\HEXABO~1\BLINK_~1\BLUETO~1\BLUETO~1\ARDUIN~1\Debug\libArduinoCore.a(main.o)
 .debug_line    0x00001282      0x681 C:\Users\henri\Desktop\PROJEK~1\HEXABO~1\BLINK_~1\BLUETO~1\BLUETO~1\ARDUIN~1\Debug\libArduinoCore.a(Print.o)
 .debug_line    0x00001903      0x2cb C:\Users\henri\Desktop\PROJEK~1\HEXABO~1\BLINK_~1\BLUETO~1\BLUETO~1\ARDUIN~1\Debug\libArduinoCore.a(wiring.o)
 .debug_line    0x00001bce      0x284 C:\Users\henri\Desktop\PROJEK~1\HEXABO~1\BLINK_~1\BLUETO~1\BLUETO~1\ARDUIN~1\Debug\libArduinoCore.a(wiring_digital.o)
 .debug_line    0x00001e52       0x41 C:\Users\henri\Desktop\PROJEK~1\HEXABO~1\BLINK_~1\BLUETO~1\BLUETO~1\ARDUIN~1\Debug\libArduinoCore.a(hooks.o)

.debug_frame    0x00000000      0x940
 *(.debug_frame)
 .debug_frame   0x00000000       0xc8 BluetoothInterface.o
 .debug_frame   0x000000c8       0x44 Sketch.o
 .debug_frame   0x0000010c      0x110 C:\Users\henri\Desktop\PROJEK~1\HEXABO~1\BLINK_~1\BLUETO~1\BLUETO~1\ARDUIN~1\Debug\libArduinoCore.a(HardwareSerial.o)
 .debug_frame   0x0000021c       0xe0 C:\Users\henri\Desktop\PROJEK~1\HEXABO~1\BLINK_~1\BLUETO~1\BLUETO~1\ARDUIN~1\Debug\libArduinoCore.a(HardwareSerial0.o)
 .debug_frame   0x000002fc       0xe0 C:\Users\henri\Desktop\PROJEK~1\HEXABO~1\BLINK_~1\BLUETO~1\BLUETO~1\ARDUIN~1\Debug\libArduinoCore.a(HardwareSerial3.o)
 .debug_frame   0x000003dc       0x54 C:\Users\henri\Desktop\PROJEK~1\HEXABO~1\BLINK_~1\BLUETO~1\BLUETO~1\ARDUIN~1\Debug\libArduinoCore.a(main.o)
 .debug_frame   0x00000430      0x3ac C:\Users\henri\Desktop\PROJEK~1\HEXABO~1\BLINK_~1\BLUETO~1\BLUETO~1\ARDUIN~1\Debug\libArduinoCore.a(Print.o)
 .debug_frame   0x000007dc       0xc4 C:\Users\henri\Desktop\PROJEK~1\HEXABO~1\BLINK_~1\BLUETO~1\BLUETO~1\ARDUIN~1\Debug\libArduinoCore.a(wiring.o)
 .debug_frame   0x000008a0       0x7c C:\Users\henri\Desktop\PROJEK~1\HEXABO~1\BLINK_~1\BLUETO~1\BLUETO~1\ARDUIN~1\Debug\libArduinoCore.a(wiring_digital.o)
 .debug_frame   0x0000091c       0x24 C:\Users\henri\Desktop\PROJEK~1\HEXABO~1\BLINK_~1\BLUETO~1\BLUETO~1\ARDUIN~1\Debug\libArduinoCore.a(hooks.o)

.debug_str      0x00000000     0x2529
 *(.debug_str)
 .debug_str     0x00000000      0x3e6 C:/Program Files (x86)/Atmel/Studio/7.0/Packs/atmel/ATmega_DFP/1.2.150/gcc/dev/atmega2560/avr6/crtatmega2560.o
 .debug_str     0x000003e6      0x5ea BluetoothInterface.o
                                0x65f (size before relaxing)
 .debug_str     0x000009d0       0x27 Sketch.o
                                0x582 (size before relaxing)
 .debug_str     0x000009f7     0x13e4 C:\Users\henri\Desktop\PROJEK~1\HEXABO~1\BLINK_~1\BLUETO~1\BLUETO~1\ARDUIN~1\Debug\libArduinoCore.a(HardwareSerial.o)
                               0x1706 (size before relaxing)
 .debug_str     0x00001ddb       0xca C:\Users\henri\Desktop\PROJEK~1\HEXABO~1\BLINK_~1\BLUETO~1\BLUETO~1\ARDUIN~1\Debug\libArduinoCore.a(HardwareSerial0.o)
                               0x144a (size before relaxing)
 .debug_str     0x00001ea5       0x47 C:\Users\henri\Desktop\PROJEK~1\HEXABO~1\BLINK_~1\BLUETO~1\BLUETO~1\ARDUIN~1\Debug\libArduinoCore.a(HardwareSerial3.o)
                               0x144b (size before relaxing)
 .debug_str     0x00001eec       0x37 C:\Users\henri\Desktop\PROJEK~1\HEXABO~1\BLINK_~1\BLUETO~1\BLUETO~1\ARDUIN~1\Debug\libArduinoCore.a(main.o)
                                0x2f6 (size before relaxing)
 .debug_str     0x00001f23      0x3bf C:\Users\henri\Desktop\PROJEK~1\HEXABO~1\BLINK_~1\BLUETO~1\BLUETO~1\ARDUIN~1\Debug\libArduinoCore.a(Print.o)
                               0x1284 (size before relaxing)
 .debug_str     0x000022e2      0x164 C:\Users\henri\Desktop\PROJEK~1\HEXABO~1\BLINK_~1\BLUETO~1\BLUETO~1\ARDUIN~1\Debug\libArduinoCore.a(wiring.o)
                                0x28c (size before relaxing)
 .debug_str     0x00002446       0xc7 C:\Users\henri\Desktop\PROJEK~1\HEXABO~1\BLINK_~1\BLUETO~1\BLUETO~1\ARDUIN~1\Debug\libArduinoCore.a(wiring_digital.o)
                                0x2f1 (size before relaxing)
 .debug_str     0x0000250d       0x1c C:\Users\henri\Desktop\PROJEK~1\HEXABO~1\BLINK_~1\BLUETO~1\BLUETO~1\ARDUIN~1\Debug\libArduinoCore.a(hooks.o)
                                0x181 (size before relaxing)

.debug_loc      0x00000000     0x2f49
 *(.debug_loc)
 .debug_loc     0x00000000      0x275 BluetoothInterface.o
 .debug_loc     0x00000275       0x73 Sketch.o
 .debug_loc     0x000002e8      0x482 C:\Users\henri\Desktop\PROJEK~1\HEXABO~1\BLINK_~1\BLUETO~1\BLUETO~1\ARDUIN~1\Debug\libArduinoCore.a(HardwareSerial.o)
 .debug_loc     0x0000076a      0x1b0 C:\Users\henri\Desktop\PROJEK~1\HEXABO~1\BLINK_~1\BLUETO~1\BLUETO~1\ARDUIN~1\Debug\libArduinoCore.a(HardwareSerial0.o)
 .debug_loc     0x0000091a      0x1b0 C:\Users\henri\Desktop\PROJEK~1\HEXABO~1\BLINK_~1\BLUETO~1\BLUETO~1\ARDUIN~1\Debug\libArduinoCore.a(HardwareSerial3.o)
 .debug_loc     0x00000aca     0x1c87 C:\Users\henri\Desktop\PROJEK~1\HEXABO~1\BLINK_~1\BLUETO~1\BLUETO~1\ARDUIN~1\Debug\libArduinoCore.a(Print.o)
 .debug_loc     0x00002751      0x28d C:\Users\henri\Desktop\PROJEK~1\HEXABO~1\BLINK_~1\BLUETO~1\BLUETO~1\ARDUIN~1\Debug\libArduinoCore.a(wiring.o)
 .debug_loc     0x000029de      0x56b C:\Users\henri\Desktop\PROJEK~1\HEXABO~1\BLINK_~1\BLUETO~1\BLUETO~1\ARDUIN~1\Debug\libArduinoCore.a(wiring_digital.o)

.debug_macinfo
 *(.debug_macinfo)

.debug_weaknames
 *(.debug_weaknames)

.debug_funcnames
 *(.debug_funcnames)

.debug_typenames
 *(.debug_typenames)

.debug_varnames
 *(.debug_varnames)

.debug_pubtypes
 *(.debug_pubtypes)

.debug_ranges   0x00000000      0x300
 *(.debug_ranges)
 .debug_ranges  0x00000000       0x70 BluetoothInterface.o
 .debug_ranges  0x00000070       0x18 Sketch.o
 .debug_ranges  0x00000088       0x58 C:\Users\henri\Desktop\PROJEK~1\HEXABO~1\BLINK_~1\BLUETO~1\BLUETO~1\ARDUIN~1\Debug\libArduinoCore.a(HardwareSerial.o)
 .debug_ranges  0x000000e0       0x38 C:\Users\henri\Desktop\PROJEK~1\HEXABO~1\BLINK_~1\BLUETO~1\BLUETO~1\ARDUIN~1\Debug\libArduinoCore.a(HardwareSerial0.o)
 .debug_ranges  0x00000118       0x38 C:\Users\henri\Desktop\PROJEK~1\HEXABO~1\BLINK_~1\BLUETO~1\BLUETO~1\ARDUIN~1\Debug\libArduinoCore.a(HardwareSerial3.o)
 .debug_ranges  0x00000150       0x20 C:\Users\henri\Desktop\PROJEK~1\HEXABO~1\BLINK_~1\BLUETO~1\BLUETO~1\ARDUIN~1\Debug\libArduinoCore.a(main.o)
 .debug_ranges  0x00000170      0x120 C:\Users\henri\Desktop\PROJEK~1\HEXABO~1\BLINK_~1\BLUETO~1\BLUETO~1\ARDUIN~1\Debug\libArduinoCore.a(Print.o)
 .debug_ranges  0x00000290       0x38 C:\Users\henri\Desktop\PROJEK~1\HEXABO~1\BLINK_~1\BLUETO~1\BLUETO~1\ARDUIN~1\Debug\libArduinoCore.a(wiring.o)
 .debug_ranges  0x000002c8       0x28 C:\Users\henri\Desktop\PROJEK~1\HEXABO~1\BLINK_~1\BLUETO~1\BLUETO~1\ARDUIN~1\Debug\libArduinoCore.a(wiring_digital.o)
 .debug_ranges  0x000002f0       0x10 C:\Users\henri\Desktop\PROJEK~1\HEXABO~1\BLINK_~1\BLUETO~1\BLUETO~1\ARDUIN~1\Debug\libArduinoCore.a(hooks.o)

.debug_macro
 *(.debug_macro)
OUTPUT(Blink_Bluetooth.elf elf32-avr)
LOAD linker stubs
